>>> 已成功跨账号激活 fft 环境
=============================================
 LDS Padding 对比 Profiling: z2z 512K
 当前状态: LDS 已应用 padding=1
 Time: Mon Jul 27 17:55:54 CST 2026
=============================================

>>> 测试 1: LDS padding=1 (已应用) <<<
Running profile with 3 samples
out-of-place
length: 524288

Token: complex_forward_len_524288_double_op_batch_1000_istride_1_CI_ostride_1_CI_idist_524288_odist_524288_ioffset_0_0_ooffset_0_0

Execution gpu time: 74.7267 74.7276 74.7201 ms
Execution gflops:   666.527 666.519 666.586
HIP_PROF:on Mon Jul 27 17:55:55 2026
HIP_PROF:process id '1606088'
HIP_PROF:db file 'results/pad_on_20260727_175554.csv.db'
HIP_PROF:out put file 'results/pad_on_20260727_175554.csv'
HIP_PROF:profiling ' /public/home/zhangkewei/zr/build/rocfft_build/clients/staging/rocfft-bench --length 524288 --batchSize 1000 --precision double --transformType 0 -o -N 3'
HIP_PROF:process begin
HIP_PROF:process end run total cost:5(s)
HIP_PROF:finish
  结果: results/pad_on_20260727_175554.csv.hipkernel.csv

>>> 测试 2: 去掉 LDS padding <<<
已恢复 LDS padding (无padding)
  重新编译...
-- Set non-toolchain portion of runtime path of "/public/home/zhangkewei/zr/install/bin/rocfft-bench" to "$ORIGIN/../lib:$ORIGIN/../lib/rocfft-clients-bench/lib"
-- Up-to-date: /public/home/zhangkewei/zr/install/bin/dyna-rocfft-bench
-- Up-to-date: /public/home/zhangkewei/zr/install/share/doc/rocfft/LICENSE.md
Running profile with 3 samples
out-of-place
length: 524288

Token: complex_forward_len_524288_double_op_batch_1000_istride_1_CI_ostride_1_CI_idist_524288_odist_524288_ioffset_0_0_ooffset_0_0

Execution gpu time: 74.9585 74.9742 74.9725 ms
Execution gflops:   664.466 664.327 664.342
HIP_PROF:on Mon Jul 27 17:56:27 2026
HIP_PROF:process id '1607898'
HIP_PROF:db file 'results/pad_off_20260727_175627.csv.db'
HIP_PROF:out put file 'results/pad_off_20260727_175627.csv'
HIP_PROF:profiling ' /public/home/zhangkewei/zr/build/rocfft_build/clients/staging/rocfft-bench --length 524288 --batchSize 1000 --precision double --transformType 0 -o -N 3'
HIP_PROF:process begin
HIP_PROF:process end run total cost:5(s)
HIP_PROF:finish
  结果: results/pad_off_20260727_175627.csv.hipkernel.csv

>>> 恢复 LDS padding <<<
已修改 LDS padding: tileX+1

=============================================
 分析对比结果
=============================================

===== z2z_512K_transpose =====
  padding=1: ERROR [Errno 2] No such file or directory: 'results/pad_on_20260727_175554.csv.hipkernel.csv'
  padding=0: ERROR [Errno 2] No such file or directory: 'results/pad_off_20260727_175627.csv.hipkernel.csv'
