>>> 已激活 fft 环境
Running profile with 5 samples
out-of-place
length: 524288

Token: complex_forward_len_524288_double_op_batch_1000_istride_1_CI_ostride_1_CI_idist_524288_odist_524288_ioffset_0_0_ooffset_0_0

Execution gpu time: 66.9084 66.8747 66.9867 66.9322 66.9301 ms
Execution gflops:   744.411 744.786 743.541 744.147 744.17
HIP_PROF:on Tue Jul 28 19:33:16 2026
HIP_PROF:process id '1539865'
HIP_PROF:db file '/public/home/zhangkewei/zr/results/trfusion_profile.csv.db'
HIP_PROF:out put file '/public/home/zhangkewei/zr/results/trfusion_profile.csv'
HIP_PROF:profiling ' /public/home/zhangkewei/zr/install/bin/rocfft-bench --length 524288 --batchSize 1000 --precision double --transformType 0 -o -N 5'
HIP_PROF:process begin
HIP_PROF:process end run total cost:4(s)
---------------------------------------------------------------------------------------------------------------------------------------------------------------------
HIP_PROF:IP:[31m12.5.2.3[0m HIP API statistics
---------------------------------------------------------------------------------------------------------------------------------------------------------------------
|Name                                                          |Calls          |TotalDurationNs            |AverageNs                  |Percentage                 |
---------------------------------------------------------------------------------------------------------------------------------------------------------------------
|hiprtcCompileProgram                                          |8              |2012422399                 |251552799                  |40.5578243539104           |
|hipEventSynchronize                                           |5              |1714039365                 |342807873                  |34.5442922598668           |
|hipFree                                                       |10             |1132136969                 |113213696                  |22.8167865534032           |
|hipMalloc                                                     |10             |55496844                   |5549684                    |1.11846859400235           |
|hipModuleGetFunction                                          |9              |28747602                   |3194178                    |0.579371504258498          |
|hipModuleLaunchKernel                                         |27             |9305138                    |344634                     |0.187533269745174          |
|hiprtcCreateProgram                                           |8              |3829197                    |478649                     |0.0771726151625491         |
|hipLaunchKernel                                               |6              |3637146                    |606191                     |0.0733020705249703         |
|hipModuleLoadData                                             |9              |928795                     |103199                     |0.0187186867376893         |
|hiprtcDestroyProgram                                          |8              |334432                     |41804                      |0.00674005334122053        |
|hipStreamSynchronize                                          |3              |297010                     |99003                      |0.00598586033297026        |
|hipModuleUnload                                               |9              |282852                     |31428                      |0.0057005237766449         |
|hipStreamDestroy                                              |1              |127570                     |127570                     |0.00257101175945933        |
|hipMemcpy                                                     |4              |110071                     |27517                      |0.00221834158011639        |
|hipEventRecord                                                |10             |51491                      |5149                       |0.00103773588231026        |
|hipEventElapsedTime                                           |5              |39530                      |7906                       |0.000796677078085971       |
|hipGetDevice                                                  |61             |12700                      |208                        |0.00025595241314677        |
|hipSetDevice                                                  |58             |11240                      |193                        |0.000226527962501551       |
|hipMemGetInfo                                                 |1              |9080                       |9080                       |0.000182995898533281       |
|hipGetDeviceProperties                                        |9              |8880                       |986                        |0.000178965151869553       |
|hiprtcGetCode                                                 |8              |8810                       |1101                       |0.000177554390537248       |
|hipStreamCreate                                               |1              |6950                       |6950                       |0.000140068446564571       |
|hipEventDestroy                                               |2              |3360                       |1680                       |6.77165439506416e-05       |
|hipEventCreate                                                |2              |2740                       |1370                       |5.52212292930827e-05       |
|__hipPopCallConfiguration                                     |6              |2560                       |426                        |5.15935572957269e-05       |
|__hipPushCallConfiguration                                    |6              |2270                       |378                        |4.57489746333204e-05       |
|hipGetDeviceCount                                             |1              |1800                       |1800                       |3.6276719973558e-05        |
|hiprtcGetCodeSize                                             |8              |1730                       |216                        |3.4865958641253e-05        |
|hipGetLastError                                               |6              |1310                       |218                        |2.64013906474228e-05       |
---------------------------------------------------------------------------------------------------------------------------------------------------------------------
|Total                                                         |301            |4961859841                 |16484584                   |100.0                      |
---------------------------------------------------------------------------------------------------------------------------------------------------------------------
---------------------------------------------------------------------------------------------------------------------------------------------------------------------
HIP_PROF:IP:[31m12.5.2.3[0m HIPOPS API statistics
---------------------------------------------------------------------------------------------------------------------------------------------------------------------
|Name                                                          |Calls          |TotalDurationNs            |AverageNs                  |Percentage                 |
---------------------------------------------------------------------------------------------------------------------------------------------------------------------
|void generate_random_interleaved_data_kernel<input_val_1D<u...|6              |1312519281                 |218753213                  |76.575                     |
|fft_rtc_fwd_len_512_factors_16_16_2_wgs_256_tpt_64_halfLds_...|6              |145893659                  |24315609                   |8.512                      |
|transpose_rtc_tile32x32_dim2_dp_CI_CI_twd3step_fwd_diag_ali...|6              |91148679                   |15191446                   |5.318                      |
|transpose_rtc_tile32x32_dim2_dp_CI_CI_diag_aligned            |6              |87871556                   |14645259                   |5.127                      |
|fft_rtc_fwd_len_1024_factors_8_8_4_4_wgs_128_tpt_128_halfLd...|6              |76563713                   |12760618                   |4.467                      |
|twiddle_gen_radices_dp                                        |2              |28640                      |14320                      |0.002                      |
|twiddle_gen_large_dp                                          |1              |5760                       |5760                       |0.0                        |
---------------------------------------------------------------------------------------------------------------------------------------------------------------------
|Total                                                         |33             |1714031288                 |51940342                   |100.0                      |
---------------------------------------------------------------------------------------------------------------------------------------------------------------------
HIP_PROF:finish
