>>> 已成功跨账号激活 fft 环境
=== SBRR Stride Padding 对比 Profiling ===

>>> padon <<<
Running profile with 3 samples
out-of-place
length: 524288

Token: complex_forward_len_524288_double_op_batch_1000_istride_1_CI_ostride_1_CI_idist_524288_odist_524288_ioffset_0_0_ooffset_0_0

Execution gpu time: 74.7155 74.7019 74.7351 ms
Execution gflops:   666.627 666.748 666.452
HIP_PROF:on Mon Jul 27 19:12:04 2026
HIP_PROF:process id '1713369'
HIP_PROF:db file 'results/sbrr_padon_20260727_191204.csv.db'
HIP_PROF:out put file 'results/sbrr_padon_20260727_191204.csv'
HIP_PROF:profiling ' /public/home/zhangkewei/zr/build/rocfft_build/clients/staging/rocfft-bench --length 524288 --batchSize 1000 --precision double --transformType 0 -o -N 3'
HIP_PROF:process begin
HIP_PROF:process end run total cost:6(s)
HIP_PROF:finish
results/sbrr_padon_20260727_191204.csv.csv

>>> 关闭 SBRR padding <<<
SBRR padding OFF
-- Set non-toolchain portion of runtime path of "/public/home/zhangkewei/zr/install/bin/rocfft-bench" to "$ORIGIN/../lib:$ORIGIN/../lib/rocfft-clients-bench/lib"
-- Up-to-date: /public/home/zhangkewei/zr/install/bin/dyna-rocfft-bench
-- Up-to-date: /public/home/zhangkewei/zr/install/share/doc/rocfft/LICENSE.md

>>> padoff <<<
Running profile with 3 samples
out-of-place
length: 524288

Token: complex_forward_len_524288_double_op_batch_1000_istride_1_CI_ostride_1_CI_idist_524288_odist_524288_ioffset_0_0_ooffset_0_0

Execution gpu time: 74.7228 74.709 74.7432 ms
Execution gflops:   666.562 666.685 666.38
HIP_PROF:on Mon Jul 27 19:13:19 2026
HIP_PROF:process id '1715731'
HIP_PROF:db file 'results/sbrr_padoff_20260727_191319.csv.db'
HIP_PROF:out put file 'results/sbrr_padoff_20260727_191319.csv'
HIP_PROF:profiling ' /public/home/zhangkewei/zr/build/rocfft_build/clients/staging/rocfft-bench --length 524288 --batchSize 1000 --precision double --transformType 0 -o -N 3'
HIP_PROF:process begin
HIP_PROF:process end run total cost:5(s)
HIP_PROF:finish
results/sbrr_padoff_20260727_191319.csv.csv

SBRR padding restored

=== 分析结果 ===
