>>> 已成功跨账号激活 fft 环境
/public/software/compiler/dtk-26.04/bin/hipcc
=====================================================
      Start building rocfft + hipfft (ROCm 7.2.2)    
=====================================================
 HOME Dir:       /public/home/zhangkewei
 rocfft Build:   /public/home/zhangkewei/zr/build/rocfft_build
 hipfft Build:   /public/home/zhangkewei/zr/build/hipfft_build
 Install Dir:    /public/home/zhangkewei/zr/install
 GPU Target:     gfx936
 Slurm Job ID:   712281
 Start Time:     Mon Jul 27 15:59:31 CST 2026
=====================================================

[1/6] rocfft: CMake Config ...
-- Configuring done (1.5s)
-- Generating done (1.4s)
-- Build files have been written to: /public/home/zhangkewei/zr/build/rocfft_build

[2/6] rocfft: Build (using all cores) ...
[  1%] Built target rocfft-rtc-compile
[  3%] Built target rocfft_rtc_helper
[  4%] Built target sqlite3
[  6%] Generating device/kernel-generator-embed.cpp
[  7%] Building CXX object library/src/CMakeFiles/rocfft-rtc-common.dir/device/kernel-generator-embed.cpp.o
[  9%] Built target rocfft-rtc-common
[ 10%] Built target rocfft-rtc-subprocess
[ 20%] Built target rocfft-rtc-gen
[ 21%] Built target rocfft-rtc-cache
[ 32%] Built target rocfft-rtc-launch
[ 36%] Built target rocfft-solution-map
[ 37%] Built target rocfft-tuning-helper
[ 40%] Built target generator
[ 42%] Built target stockham_gen
[ 43%] Generator producing device kernels for rocfft-device
[ 43%] Built target gen_headers_target
[ 45%] Generator producing device kernels for rocfft-device
[ 45%] Generator producing device kernels for rocfft-device
[ 46%] Building CXX object library/src/device/CMakeFiles/rocfft-function-pool.dir/function_pool_init_1.cpp.o
[ 47%] Building CXX object library/src/device/CMakeFiles/rocfft-function-pool.dir/function_pool_init_2.cpp.o
[ 48%] Building CXX object library/src/device/CMakeFiles/rocfft-function-pool.dir/function_pool_init_3.cpp.o
