In file included from /public/home/zhangkewei/zr/rocm-libraries-rocm-7.2.2/projects/rocfft/library/src/rtc_transpose_gen.cpp:21:
In file included from /public/home/zhangkewei/zr/rocm-libraries-rocm-7.2.2/projects/rocfft/library/src/include/rtc_transpose_gen.h:26:
/public/home/zhangkewei/zr/rocm-libraries-rocm-7.2.2/projects/rocfft/library/src/include/rtc_kernel.h:50:5: warning: void function is missing a return statement [-Wreturn-type]
    }
    ^
/public/home/zhangkewei/zr/rocm-libraries-rocm-7.2.2/projects/rocfft/library/src/include/rtc_kernel.h:54:5: warning: void function is missing a return statement [-Wreturn-type]
    }
    ^
/public/home/zhangkewei/zr/rocm-libraries-rocm-7.2.2/projects/rocfft/library/src/include/rtc_kernel.h:58:5: warning: void function is missing a return statement [-Wreturn-type]
    }
    ^
/public/home/zhangkewei/zr/rocm-libraries-rocm-7.2.2/projects/rocfft/library/src/include/rtc_kernel.h:62:5: warning: void function is missing a return statement [-Wreturn-type]
    }
    ^
/public/home/zhangkewei/zr/rocm-libraries-rocm-7.2.2/projects/rocfft/library/src/include/rtc_kernel.h:66:5: warning: void function is missing a return statement [-Wreturn-type]
    }
    ^
/public/home/zhangkewei/zr/rocm-libraries-rocm-7.2.2/projects/rocfft/library/src/include/rtc_kernel.h:70:5: warning: void function is missing a return statement [-Wreturn-type]
    }
    ^
/public/home/zhangkewei/zr/rocm-libraries-rocm-7.2.2/projects/rocfft/library/src/include/rtc_kernel.h:74:5: warning: void function is missing a return statement [-Wreturn-type]
    }
    ^
In file included from /public/home/zhangkewei/zr/rocm-libraries-rocm-7.2.2/projects/rocfft/library/src/rtc_transpose_gen.cpp:21:
In file included from /public/home/zhangkewei/zr/rocm-libraries-rocm-7.2.2/projects/rocfft/library/src/include/rtc_transpose_gen.h:26:
/public/home/zhangkewei/zr/rocm-libraries-rocm-7.2.2/projects/rocfft/library/src/include/rtc_kernel.h:50:5: warning: void function is missing a return statement [-Wreturn-type]
    }
    ^
/public/home/zhangkewei/zr/rocm-libraries-rocm-7.2.2/projects/rocfft/library/src/include/rtc_kernel.h:54:5: warning: void function is missing a return statement [-Wreturn-type]
    }
    ^
/public/home/zhangkewei/zr/rocm-libraries-rocm-7.2.2/projects/rocfft/library/src/include/rtc_kernel.h:58:5: warning: void function is missing a return statement [-Wreturn-type]
    }
    ^
/public/home/zhangkewei/zr/rocm-libraries-rocm-7.2.2/projects/rocfft/library/src/include/rtc_kernel.h:62:5: warning: void function is missing a return statement [-Wreturn-type]
    }
    ^
/public/home/zhangkewei/zr/rocm-libraries-rocm-7.2.2/projects/rocfft/library/src/include/rtc_kernel.h:66:5: warning: void function is missing a return statement [-Wreturn-type]
    }
    ^
/public/home/zhangkewei/zr/rocm-libraries-rocm-7.2.2/projects/rocfft/library/src/include/rtc_kernel.h:70:5: warning: void function is missing a return statement [-Wreturn-type]
    }
    ^
/public/home/zhangkewei/zr/rocm-libraries-rocm-7.2.2/projects/rocfft/library/src/include/rtc_kernel.h:74:5: warning: void function is missing a return statement [-Wreturn-type]
    }
    ^
/public/home/zhangkewei/zr/rocm-libraries-rocm-7.2.2/projects/rocfft/library/src/include/rtc_kernel.h:102:5: warning: void function is missing a return statement [-Wreturn-type]
    }
    ^
/public/home/zhangkewei/zr/rocm-libraries-rocm-7.2.2/projects/rocfft/library/src/include/rtc_kernel.h:102:5: warning: void function is missing a return statement [-Wreturn-type]
    }
    ^
In file included from /public/home/zhangkewei/zr/rocm-libraries-rocm-7.2.2/projects/rocfft/library/src/rtc_transpose_gen.cpp:21:
In file included from /public/home/zhangkewei/zr/rocm-libraries-rocm-7.2.2/projects/rocfft/library/src/include/rtc_transpose_gen.h:26:
/public/home/zhangkewei/zr/rocm-libraries-rocm-7.2.2/projects/rocfft/library/src/include/rtc_kernel.h:50:5: warning: void function is missing a return statement [-Wreturn-type]
    }
    ^
/public/home/zhangkewei/zr/rocm-libraries-rocm-7.2.2/projects/rocfft/library/src/include/rtc_kernel.h:54:5: warning: void function is missing a return statement [-Wreturn-type]
    }
    ^
/public/home/zhangkewei/zr/rocm-libraries-rocm-7.2.2/projects/rocfft/library/src/include/rtc_kernel.h:58:5: warning: void function is missing a return statement [-Wreturn-type]
    }
    ^
/public/home/zhangkewei/zr/rocm-libraries-rocm-7.2.2/projects/rocfft/library/src/include/rtc_kernel.h:62:5: warning: void function is missing a return statement [-Wreturn-type]
    }
    ^
/public/home/zhangkewei/zr/rocm-libraries-rocm-7.2.2/projects/rocfft/library/src/include/rtc_kernel.h:66:5: warning: void function is missing a return statement [-Wreturn-type]
    }
    ^
/public/home/zhangkewei/zr/rocm-libraries-rocm-7.2.2/projects/rocfft/library/src/include/rtc_kernel.h:70:5: warning: void function is missing a return statement [-Wreturn-type]
    }
    ^
/public/home/zhangkewei/zr/rocm-libraries-rocm-7.2.2/projects/rocfft/library/src/include/rtc_kernel.h:74:5: warning: void function is missing a return statement [-Wreturn-type]
    }
    ^
/public/home/zhangkewei/zr/rocm-libraries-rocm-7.2.2/projects/rocfft/library/src/include/rtc_kernel.h:102:5: warning: void function is missing a return statement [-Wreturn-type]
    }
    ^
In file included from /public/home/zhangkewei/zr/rocm-libraries-rocm-7.2.2/projects/rocfft/library/src/rtc_transpose_gen.cpp:26:
/public/home/zhangkewei/zr/rocm-libraries-rocm-7.2.2/projects/rocfft/library/src/device/kernel-generator-embed.h:90:1: warning: void function is missing a return statement [-Wreturn-type]
}
^
In file included from /public/home/zhangkewei/zr/rocm-libraries-rocm-7.2.2/projects/rocfft/library/src/rtc_transpose_gen.cpp:26:
/public/home/zhangkewei/zr/rocm-libraries-rocm-7.2.2/projects/rocfft/library/src/device/kernel-generator-embed.h:90:1: warning: void function is missing a return statement [-Wreturn-type]
}
^
In file included from /public/home/zhangkewei/zr/rocm-libraries-rocm-7.2.2/projects/rocfft/library/src/rtc_transpose_gen.cpp:26:
/public/home/zhangkewei/zr/rocm-libraries-rocm-7.2.2/projects/rocfft/library/src/device/kernel-generator-embed.h:90:1: warning: void function is missing a return statement [-Wreturn-type]
}
^
In file included from /public/home/zhangkewei/zr/rocm-libraries-rocm-7.2.2/projects/rocfft/library/src/rtc_transpose_gen.cpp:21:
In file included from /public/home/zhangkewei/zr/rocm-libraries-rocm-7.2.2/projects/rocfft/library/src/include/rtc_transpose_gen.h:26:
In file included from /public/home/zhangkewei/zr/rocm-libraries-rocm-7.2.2/projects/rocfft/library/src/include/rtc_kernel.h:34:
/public/home/zhangkewei/zr/rocm-libraries-rocm-7.2.2/projects/rocfft/library/src/include/../device/kernels/callback.h:52:1: warning: void function is missing a return statement [-Wreturn-type]
}
^
/public/home/zhangkewei/zr/rocm-libraries-rocm-7.2.2/projects/rocfft/library/src/include/../device/kernels/callback.h:74:7: note: in instantiation of function template specialization 'store_cb_default<rocfft_complex<_Float16>>' requested here
    = store_cb_default<rocfft_complex<rocfft_fp16>>;
      ^
/public/home/zhangkewei/zr/rocm-libraries-rocm-7.2.2/projects/rocfft/library/src/include/../device/kernels/callback.h:52:1: warning: void function is missing a return statement [-Wreturn-type]
}
^
/public/home/zhangkewei/zr/rocm-libraries-rocm-7.2.2/projects/rocfft/library/src/include/../device/kernels/callback.h:91:57: note: in instantiation of function template specialization 'store_cb_default<rocfft_complex<float>>' requested here
static __device__ auto store_cb_default_complex_float = store_cb_default<rocfft_complex<float>>;
                                                        ^
/public/home/zhangkewei/zr/rocm-libraries-rocm-7.2.2/projects/rocfft/library/src/include/../device/kernels/callback.h:52:1: warning: void function is missing a return statement [-Wreturn-type]
}
^
/public/home/zhangkewei/zr/rocm-libraries-rocm-7.2.2/projects/rocfft/library/src/include/../device/kernels/callback.h:108:58: note: in instantiation of function template specialization 'store_cb_default<rocfft_complex<double>>' requested here
In file included from /public/home/zhangkewei/zr/rocm-libraries-rocm-7.2.2/projects/rocfft/library/src/rtc_transpose_gen.cpp:21:
In file included from /public/home/zhangkewei/zr/rocm-libraries-rocm-7.2.2/projects/rocfft/library/src/include/rtc_transpose_gen.h:26:
In file included from /public/home/zhangkewei/zr/rocm-libraries-rocm-7.2.2/projects/rocfft/library/src/include/rtc_kernel.h:34:
/public/home/zhangkewei/zr/rocm-libraries-rocm-7.2.2/projects/rocfft/library/src/include/../device/kernels/callback.h:52:1: warning: void function is missing a return statement [-Wreturn-type]
}
^
/public/home/zhangkewei/zr/rocm-libraries-rocm-7.2.2/projects/rocfft/library/src/include/../device/kernels/callback.h:74:7: note: in instantiation of function template specialization 'store_cb_default<rocfft_complex<_Float16>>' requested here
    = store_cb_default<rocfft_complex<rocfft_fp16>>;
      ^
/public/home/zhangkewei/zr/rocm-libraries-rocm-7.2.2/projects/rocfft/library/src/include/../device/kernels/callback.h:52:1: warning: void function is missing a return statement [-Wreturn-type]
}
^
/public/home/zhangkewei/zr/rocm-libraries-rocm-7.2.2/projects/rocfft/library/src/include/../device/kernels/callback.h:91:57: note: in instantiation of function template specialization 'store_cb_default<rocfft_complex<float>>' requested here
static __device__ auto store_cb_default_complex_float = store_cb_default<rocfft_complex<float>>;
                                                        ^
static __device__ auto store_cb_default_complex_double = store_cb_default<rocfft_complex<double>>;
                                                         ^
/public/home/zhangkewei/zr/rocm-libraries-rocm-7.2.2/projects/rocfft/library/src/include/../device/kernels/callback.h:52:1: warning: void function is missing a return statement [-Wreturn-type]
}
^
/public/home/zhangkewei/zr/rocm-libraries-rocm-7.2.2/projects/rocfft/library/src/include/../device/kernels/callback.h:119:48: note: in instantiation of function template specialization 'store_cb_default<_Float16>' requested here
static __device__ auto store_cb_default_half = store_cb_default<rocfft_fp16>;
                                               ^
/public/home/zhangkewei/zr/rocm-libraries-rocm-7.2.2/projects/rocfft/library/src/include/../device/kernels/callback.h:52:1: warning: void function is missing a return statement [-Wreturn-type]
}
^
/public/home/zhangkewei/zr/rocm-libraries-rocm-7.2.2/projects/rocfft/library/src/include/../device/kernels/callback.h:129:49: note: in instantiation of function template specialization 'store_cb_default<float>' requested here
static __device__ auto store_cb_default_float = store_cb_default<float>;
                                                ^
/public/home/zhangkewei/zr/rocm-libraries-rocm-7.2.2/projects/rocfft/library/src/include/../device/kernels/callback.h:52:1: warning: void function is missing a return statement [-Wreturn-type]
}
^
/public/home/zhangkewei/zr/rocm-libraries-rocm-7.2.2/projects/rocfft/library/src/include/../device/kernels/callback.h:140:50: note: in instantiation of function template specialization 'store_cb_default<double>' requested here
static __device__ auto store_cb_default_double = store_cb_default<double>;
                                                 ^
/public/home/zhangkewei/zr/rocm-libraries-rocm-7.2.2/projects/rocfft/library/src/include/../device/kernels/callback.h:52:1: warning: void function is missing a return statement [-Wreturn-type]
}
^
/public/home/zhangkewei/zr/rocm-libraries-rocm-7.2.2/projects/rocfft/library/src/include/../device/kernels/callback.h:108:58: note: in instantiation of function template specialization 'store_cb_default<rocfft_complex<double>>' requested here
static __device__ auto store_cb_default_complex_double = store_cb_default<rocfft_complex<double>>;
                                                         ^
/public/home/zhangkewei/zr/rocm-libraries-rocm-7.2.2/projects/rocfft/library/src/include/../device/kernels/callback.h:52:1: warning: void function is missing a return statement [-Wreturn-type]
}
^
/public/home/zhangkewei/zr/rocm-libraries-rocm-7.2.2/projects/rocfft/library/src/include/../device/kernels/callback.h:119:48: note: in instantiation of function template specialization 'store_cb_default<_Float16>' requested here
static __device__ auto store_cb_default_half = store_cb_default<rocfft_fp16>;
                                               ^
/public/home/zhangkewei/zr/rocm-libraries-rocm-7.2.2/projects/rocfft/library/src/include/../device/kernels/callback.h:52:1: warning: void function is missing a return statement [-Wreturn-type]
}
^
/public/home/zhangkewei/zr/rocm-libraries-rocm-7.2.2/projects/rocfft/library/src/include/../device/kernels/callback.h:129:49: note: in instantiation of function template specialization 'store_cb_default<float>' requested here
static __device__ auto store_cb_default_float = store_cb_default<float>;
                                                ^
/public/home/zhangkewei/zr/rocm-libraries-rocm-7.2.2/projects/rocfft/library/src/include/../device/kernels/callback.h:52:1: warning: void function is missing a return statement [-Wreturn-type]
}
^
/public/home/zhangkewei/zr/rocm-libraries-rocm-7.2.2/projects/rocfft/library/src/include/../device/kernels/callback.h:140:50: note: in instantiation of function template specialization 'store_cb_default<double>' requested here
static __device__ auto store_cb_default_double = store_cb_default<double>;
                                                 ^
In file included from /public/home/zhangkewei/zr/rocm-libraries-rocm-7.2.2/projects/rocfft/library/src/rtc_transpose_gen.cpp:21:
In file included from /public/home/zhangkewei/zr/rocm-libraries-rocm-7.2.2/projects/rocfft/library/src/include/rtc_transpose_gen.h:26:
In file included from /public/home/zhangkewei/zr/rocm-libraries-rocm-7.2.2/projects/rocfft/library/src/include/rtc_kernel.h:34:
/public/home/zhangkewei/zr/rocm-libraries-rocm-7.2.2/projects/rocfft/library/src/include/../device/kernels/callback.h:52:1: warning: void function is missing a return statement [-Wreturn-type]
}
^
/public/home/zhangkewei/zr/rocm-libraries-rocm-7.2.2/projects/rocfft/library/src/include/../device/kernels/callback.h:74:7: note: in instantiation of function template specialization 'store_cb_default<rocfft_complex<_Float16>>' requested here
    = store_cb_default<rocfft_complex<rocfft_fp16>>;
      ^
/public/home/zhangkewei/zr/rocm-libraries-rocm-7.2.2/projects/rocfft/library/src/include/../device/kernels/callback.h:52:1: warning: void function is missing a return statement [-Wreturn-type]
}
^
/public/home/zhangkewei/zr/rocm-libraries-rocm-7.2.2/projects/rocfft/library/src/include/../device/kernels/callback.h:91:57: note: in instantiation of function template specialization 'store_cb_default<rocfft_complex<float>>' requested here
static __device__ auto store_cb_default_complex_float = store_cb_default<rocfft_complex<float>>;
                                                        ^
/public/home/zhangkewei/zr/rocm-libraries-rocm-7.2.2/projects/rocfft/library/src/include/../device/kernels/callback.h:52:1: warning: void function is missing a return statement [-Wreturn-type]
}
^
/public/home/zhangkewei/zr/rocm-libraries-rocm-7.2.2/projects/rocfft/library/src/include/../device/kernels/callback.h:108:58: note: in instantiation of function template specialization 'store_cb_default<rocfft_complex<double>>' requested here
static __device__ auto store_cb_default_complex_double = store_cb_default<rocfft_complex<double>>;
                                                         ^
/public/home/zhangkewei/zr/rocm-libraries-rocm-7.2.2/projects/rocfft/library/src/include/../device/kernels/callback.h:52:1: warning: void function is missing a return statement [-Wreturn-type]
}
^
/public/home/zhangkewei/zr/rocm-libraries-rocm-7.2.2/projects/rocfft/library/src/include/../device/kernels/callback.h:119:48: note: in instantiation of function template specialization 'store_cb_default<_Float16>' requested here
static __device__ auto store_cb_default_half = store_cb_default<rocfft_fp16>;
                                               ^
/public/home/zhangkewei/zr/rocm-libraries-rocm-7.2.2/projects/rocfft/library/src/include/../device/kernels/callback.h:52:1: warning: void function is missing a return statement [-Wreturn-type]
}
^
/public/home/zhangkewei/zr/rocm-libraries-rocm-7.2.2/projects/rocfft/library/src/include/../device/kernels/callback.h:129:49: note: in instantiation of function template specialization 'store_cb_default<float>' requested here
static __device__ auto store_cb_default_float = store_cb_default<float>;
                                                ^
/public/home/zhangkewei/zr/rocm-libraries-rocm-7.2.2/projects/rocfft/library/src/include/../device/kernels/callback.h:52:1: warning: void function is missing a return statement [-Wreturn-type]
}
^
/public/home/zhangkewei/zr/rocm-libraries-rocm-7.2.2/projects/rocfft/library/src/include/../device/kernels/callback.h:140:50: note: in instantiation of function template specialization 'store_cb_default<double>' requested here
static __device__ auto store_cb_default_double = store_cb_default<double>;
                                                 ^
15 warnings generated when compiling for gfx928.
15 warnings generated when compiling for gfx926.
15 warnings generated when compiling for gfx906.
In file included from /public/home/zhangkewei/zr/rocm-libraries-rocm-7.2.2/projects/rocfft/library/src/rtc_transpose_gen.cpp:21:
In file included from /public/home/zhangkewei/zr/rocm-libraries-rocm-7.2.2/projects/rocfft/library/src/include/rtc_transpose_gen.h:26:
/public/home/zhangkewei/zr/rocm-libraries-rocm-7.2.2/projects/rocfft/library/src/include/rtc_kernel.h:50:5: warning: void function is missing a return statement [-Wreturn-type]
    }
    ^
/public/home/zhangkewei/zr/rocm-libraries-rocm-7.2.2/projects/rocfft/library/src/include/rtc_kernel.h:54:5: warning: void function is missing a return statement [-Wreturn-type]
    }
    ^
/public/home/zhangkewei/zr/rocm-libraries-rocm-7.2.2/projects/rocfft/library/src/include/rtc_kernel.h:58:5: warning: void function is missing a return statement [-Wreturn-type]
    }
    ^
/public/home/zhangkewei/zr/rocm-libraries-rocm-7.2.2/projects/rocfft/library/src/include/rtc_kernel.h:62:5: warning: void function is missing a return statement [-Wreturn-type]
    }
    ^
/public/home/zhangkewei/zr/rocm-libraries-rocm-7.2.2/projects/rocfft/library/src/include/rtc_kernel.h:66:5: warning: void function is missing a return statement [-Wreturn-type]
    }
    ^
/public/home/zhangkewei/zr/rocm-libraries-rocm-7.2.2/projects/rocfft/library/src/include/rtc_kernel.h:70:5: warning: void function is missing a return statement [-Wreturn-type]
    }
    ^
/public/home/zhangkewei/zr/rocm-libraries-rocm-7.2.2/projects/rocfft/library/src/include/rtc_kernel.h:74:5: warning: void function is missing a return statement [-Wreturn-type]
    }
    ^
/public/home/zhangkewei/zr/rocm-libraries-rocm-7.2.2/projects/rocfft/library/src/include/rtc_kernel.h:102:5: warning: void function is missing a return statement [-Wreturn-type]
    }
    ^
In file included from /public/home/zhangkewei/zr/rocm-libraries-rocm-7.2.2/projects/rocfft/library/src/rtc_transpose_gen.cpp:26:
/public/home/zhangkewei/zr/rocm-libraries-rocm-7.2.2/projects/rocfft/library/src/device/kernel-generator-embed.h:90:1: warning: void function is missing a return statement [-Wreturn-type]
}
^
In file included from /public/home/zhangkewei/zr/rocm-libraries-rocm-7.2.2/projects/rocfft/library/src/rtc_transpose_gen.cpp:21:
In file included from /public/home/zhangkewei/zr/rocm-libraries-rocm-7.2.2/projects/rocfft/library/src/include/rtc_transpose_gen.h:26:
In file included from /public/home/zhangkewei/zr/rocm-libraries-rocm-7.2.2/projects/rocfft/library/src/include/rtc_kernel.h:34:
/public/home/zhangkewei/zr/rocm-libraries-rocm-7.2.2/projects/rocfft/library/src/include/../device/kernels/callback.h:52:1: warning: void function is missing a return statement [-Wreturn-type]
}
^
/public/home/zhangkewei/zr/rocm-libraries-rocm-7.2.2/projects/rocfft/library/src/include/../device/kernels/callback.h:74:7: note: in instantiation of function template specialization 'store_cb_default<rocfft_complex<_Float16>>' requested here
    = store_cb_default<rocfft_complex<rocfft_fp16>>;
      ^
/public/home/zhangkewei/zr/rocm-libraries-rocm-7.2.2/projects/rocfft/library/src/include/../device/kernels/callback.h:52:1: warning: void function is missing a return statement [-Wreturn-type]
}
^
/public/home/zhangkewei/zr/rocm-libraries-rocm-7.2.2/projects/rocfft/library/src/include/../device/kernels/callback.h:91:57: note: in instantiation of function template specialization 'store_cb_default<rocfft_complex<float>>' requested here
static __device__ auto store_cb_default_complex_float = store_cb_default<rocfft_complex<float>>;
                                                        ^
/public/home/zhangkewei/zr/rocm-libraries-rocm-7.2.2/projects/rocfft/library/src/include/../device/kernels/callback.h:52:1: warning: void function is missing a return statement [-Wreturn-type]
}
^
/public/home/zhangkewei/zr/rocm-libraries-rocm-7.2.2/projects/rocfft/library/src/include/../device/kernels/callback.h:108:58: note: in instantiation of function template specialization 'store_cb_default<rocfft_complex<double>>' requested here
static __device__ auto store_cb_default_complex_double = store_cb_default<rocfft_complex<double>>;
                                                         ^
/public/home/zhangkewei/zr/rocm-libraries-rocm-7.2.2/projects/rocfft/library/src/include/../device/kernels/callback.h:52:1: warning: void function is missing a return statement [-Wreturn-type]
}
^
/public/home/zhangkewei/zr/rocm-libraries-rocm-7.2.2/projects/rocfft/library/src/include/../device/kernels/callback.h:119:48: note: in instantiation of function template specialization 'store_cb_default<_Float16>' requested here
static __device__ auto store_cb_default_half = store_cb_default<rocfft_fp16>;
                                               ^
/public/home/zhangkewei/zr/rocm-libraries-rocm-7.2.2/projects/rocfft/library/src/include/../device/kernels/callback.h:52:1: warning: void function is missing a return statement [-Wreturn-type]
}
^
/public/home/zhangkewei/zr/rocm-libraries-rocm-7.2.2/projects/rocfft/library/src/include/../device/kernels/callback.h:129:49: note: in instantiation of function template specialization 'store_cb_default<float>' requested here
static __device__ auto store_cb_default_float = store_cb_default<float>;
                                                ^
/public/home/zhangkewei/zr/rocm-libraries-rocm-7.2.2/projects/rocfft/library/src/include/../device/kernels/callback.h:52:1: warning: void function is missing a return statement [-Wreturn-type]
}
^
/public/home/zhangkewei/zr/rocm-libraries-rocm-7.2.2/projects/rocfft/library/src/include/../device/kernels/callback.h:140:50: note: in instantiation of function template specialization 'store_cb_default<double>' requested here
static __device__ auto store_cb_default_double = store_cb_default<double>;
                                                 ^
15 warnings generated when compiling for gfx936.
In file included from /public/home/zhangkewei/zr/rocm-libraries-rocm-7.2.2/projects/rocfft/library/src/rtc_transpose_gen.cpp:21:
In file included from /public/home/zhangkewei/zr/rocm-libraries-rocm-7.2.2/projects/rocfft/library/src/include/rtc_transpose_gen.h:26:
/public/home/zhangkewei/zr/rocm-libraries-rocm-7.2.2/projects/rocfft/library/src/include/rtc_kernel.h:50:5: warning: void function is missing a return statement [-Wreturn-type]
    }
    ^
/public/home/zhangkewei/zr/rocm-libraries-rocm-7.2.2/projects/rocfft/library/src/include/rtc_kernel.h:54:5: warning: void function is missing a return statement [-Wreturn-type]
    }
    ^
/public/home/zhangkewei/zr/rocm-libraries-rocm-7.2.2/projects/rocfft/library/src/include/rtc_kernel.h:58:5: warning: void function is missing a return statement [-Wreturn-type]
    }
    ^
/public/home/zhangkewei/zr/rocm-libraries-rocm-7.2.2/projects/rocfft/library/src/include/rtc_kernel.h:62:5: warning: void function is missing a return statement [-Wreturn-type]
    }
    ^
/public/home/zhangkewei/zr/rocm-libraries-rocm-7.2.2/projects/rocfft/library/src/include/rtc_kernel.h:66:5: warning: void function is missing a return statement [-Wreturn-type]
    }
    ^
/public/home/zhangkewei/zr/rocm-libraries-rocm-7.2.2/projects/rocfft/library/src/include/rtc_kernel.h:70:5: warning: void function is missing a return statement [-Wreturn-type]
    }
    ^
/public/home/zhangkewei/zr/rocm-libraries-rocm-7.2.2/projects/rocfft/library/src/include/rtc_kernel.h:74:5: warning: void function is missing a return statement [-Wreturn-type]
    }
    ^
/public/home/zhangkewei/zr/rocm-libraries-rocm-7.2.2/projects/rocfft/library/src/include/rtc_kernel.h:102:5: warning: void function is missing a return statement [-Wreturn-type]
    }
    ^
In file included from /public/home/zhangkewei/zr/rocm-libraries-rocm-7.2.2/projects/rocfft/library/src/rtc_transpose_gen.cpp:26:
/public/home/zhangkewei/zr/rocm-libraries-rocm-7.2.2/projects/rocfft/library/src/device/kernel-generator-embed.h:90:1: warning: void function is missing a return statement [-Wreturn-type]
}
^
In file included from /public/home/zhangkewei/zr/rocm-libraries-rocm-7.2.2/projects/rocfft/library/src/rtc_transpose_gen.cpp:21:
In file included from /public/home/zhangkewei/zr/rocm-libraries-rocm-7.2.2/projects/rocfft/library/src/include/rtc_transpose_gen.h:26:
In file included from /public/home/zhangkewei/zr/rocm-libraries-rocm-7.2.2/projects/rocfft/library/src/include/rtc_kernel.h:34:
/public/home/zhangkewei/zr/rocm-libraries-rocm-7.2.2/projects/rocfft/library/src/include/../device/kernels/callback.h:52:1: warning: void function is missing a return statement [-Wreturn-type]
}
^
/public/home/zhangkewei/zr/rocm-libraries-rocm-7.2.2/projects/rocfft/library/src/include/../device/kernels/callback.h:74:7: note: in instantiation of function template specialization 'store_cb_default<rocfft_complex<_Float16>>' requested here
    = store_cb_default<rocfft_complex<rocfft_fp16>>;
      ^
/public/home/zhangkewei/zr/rocm-libraries-rocm-7.2.2/projects/rocfft/library/src/include/../device/kernels/callback.h:52:1: warning: void function is missing a return statement [-Wreturn-type]
}
^
/public/home/zhangkewei/zr/rocm-libraries-rocm-7.2.2/projects/rocfft/library/src/include/../device/kernels/callback.h:91:57: note: in instantiation of function template specialization 'store_cb_default<rocfft_complex<float>>' requested here
static __device__ auto store_cb_default_complex_float = store_cb_default<rocfft_complex<float>>;
                                                        ^
/public/home/zhangkewei/zr/rocm-libraries-rocm-7.2.2/projects/rocfft/library/src/include/../device/kernels/callback.h:52:1: warning: void function is missing a return statement [-Wreturn-type]
}
^
/public/home/zhangkewei/zr/rocm-libraries-rocm-7.2.2/projects/rocfft/library/src/include/../device/kernels/callback.h:108:58: note: in instantiation of function template specialization 'store_cb_default<rocfft_complex<double>>' requested here
static __device__ auto store_cb_default_complex_double = store_cb_default<rocfft_complex<double>>;
                                                         ^
/public/home/zhangkewei/zr/rocm-libraries-rocm-7.2.2/projects/rocfft/library/src/include/../device/kernels/callback.h:52:1: warning: void function is missing a return statement [-Wreturn-type]
}
^
/public/home/zhangkewei/zr/rocm-libraries-rocm-7.2.2/projects/rocfft/library/src/include/../device/kernels/callback.h:119:48: note: in instantiation of function template specialization 'store_cb_default<_Float16>' requested here
static __device__ auto store_cb_default_half = store_cb_default<rocfft_fp16>;
                                               ^
/public/home/zhangkewei/zr/rocm-libraries-rocm-7.2.2/projects/rocfft/library/src/include/../device/kernels/callback.h:52:1: warning: void function is missing a return statement [-Wreturn-type]
}
^
/public/home/zhangkewei/zr/rocm-libraries-rocm-7.2.2/projects/rocfft/library/src/include/../device/kernels/callback.h:129:49: note: in instantiation of function template specialization 'store_cb_default<float>' requested here
static __device__ auto store_cb_default_float = store_cb_default<float>;
                                                ^
/public/home/zhangkewei/zr/rocm-libraries-rocm-7.2.2/projects/rocfft/library/src/include/../device/kernels/callback.h:52:1: warning: void function is missing a return statement [-Wreturn-type]
}
^
/public/home/zhangkewei/zr/rocm-libraries-rocm-7.2.2/projects/rocfft/library/src/include/../device/kernels/callback.h:140:50: note: in instantiation of function template specialization 'store_cb_default<double>' requested here
static __device__ auto store_cb_default_double = store_cb_default<double>;
                                                 ^
15 warnings generated when compiling for host.
