>>> 已激活 fft 环境
/public/software/compiler/dtk-26.04/bin/hipcc
=====================================================
      Start building rocfft + hipfft (ROCm 7.2.2)    
=====================================================
 HOME Dir:       /public/home/zhangkewei
 rocfft Build:   /public/home/zhangkewei/zr/build/rocfft_build
 hipfft Build:   /public/home/zhangkewei/zr/build/hipfft_build
 Install Dir:    /public/home/zhangkewei/zr/install
 GPU Target:     gfx936
 Slurm Job ID:   715176
 Start Time:     Tue Jul 28 19:50:44 CST 2026
=====================================================

[1/6] rocfft: CMake Config ...
-- Configuring done (1.4s)
-- Generating done (1.5s)
-- Build files have been written to: /public/home/zhangkewei/zr/build/rocfft_build

[2/6] rocfft: Build (using all cores) ...
[  1%] Built target rocfft-rtc-compile
[  3%] Built target rocfft_rtc_helper
[  4%] Built target sqlite3
[  6%] Generating device/kernel-generator-embed.cpp
[  7%] Building CXX object library/src/CMakeFiles/rocfft-rtc-common.dir/device/kernel-generator-embed.cpp.o
[  9%] Built target rocfft-rtc-common
[ 10%] Built target rocfft-rtc-subprocess
[ 20%] Built target rocfft-rtc-gen
[ 21%] Built target rocfft-rtc-cache
[ 32%] Built target rocfft-rtc-launch
[ 36%] Built target rocfft-solution-map
[ 37%] Built target rocfft-tuning-helper
[ 40%] Built target generator
[ 42%] Built target stockham_gen
[ 43%] Generator producing device kernels for rocfft-device
[ 43%] Built target gen_headers_target
[ 45%] Generator producing device kernels for rocfft-device
[ 45%] Generator producing device kernels for rocfft-device
[ 46%] Building CXX object library/src/device/CMakeFiles/rocfft-function-pool.dir/function_pool_init_1.cpp.o
[ 47%] Building CXX object library/src/device/CMakeFiles/rocfft-function-pool.dir/function_pool_init_2.cpp.o
[ 48%] Building CXX object library/src/device/CMakeFiles/rocfft-function-pool.dir/function_pool_init_3.cpp.o
[ 56%] Built target rocfft-function-pool
[ 57%] Linking CXX executable rocfft_aot_helper
[ 60%] Built target rocfft_aot_helper
[ 62%] Linking CXX executable rocfft_kernel_config_search
[ 64%] Built target rocfft_kernel_config_search
[ 65%] Linking CXX shared library librocfft.so
[ 92%] Built target rocfft
[ 93%] Linking CXX executable ../staging/rocfft-bench
[ 96%] Built target rocfft-bench
[100%] Built target dyna-rocfft-bench

[3/6] rocfft: Install to /public/home/zhangkewei/zr/install ...
-- Install configuration: "Release"
-- Up-to-date: /public/home/zhangkewei/zr/install/include
-- Up-to-date: /public/home/zhangkewei/zr/install/include/rocfft
-- Up-to-date: /public/home/zhangkewei/zr/install/include/rocfft/rocfft.h
-- Up-to-date: /public/home/zhangkewei/zr/install/include/rocfft/rocfft-version.h
-- Up-to-date: /public/home/zhangkewei/zr/install/include/rocfft/rocfft-export.h
-- Installing: /public/home/zhangkewei/zr/install/lib/librocfft.so.0.1
-- Up-to-date: /public/home/zhangkewei/zr/install/lib/librocfft.so.0
-- Set non-toolchain portion of runtime path of "/public/home/zhangkewei/zr/install/lib/librocfft.so.0.1" to "$ORIGIN/../lib:$ORIGIN/../lib/rocfft/lib"
-- Up-to-date: /public/home/zhangkewei/zr/install/lib/librocfft.so
-- Up-to-date: /public/home/zhangkewei/zr/install/lib/rocfft/1.0.36/rocfft_rtc_helper
-- Up-to-date: /public/home/zhangkewei/zr/install/lib/cmake/rocfft/rocfft-targets.cmake
-- Up-to-date: /public/home/zhangkewei/zr/install/lib/cmake/rocfft/rocfft-targets-release.cmake
-- Up-to-date: /public/home/zhangkewei/zr/install/lib/cmake/rocfft/rocfft-config.cmake
-- Up-to-date: /public/home/zhangkewei/zr/install/lib/cmake/rocfft/rocfft-config-version.cmake
-- Installing: /public/home/zhangkewei/zr/install/.info/client-version
-- Installing: /public/home/zhangkewei/zr/install/bin/rocfft-bench
-- Set non-toolchain portion of runtime path of "/public/home/zhangkewei/zr/install/bin/rocfft-bench" to "$ORIGIN/../lib:$ORIGIN/../lib/rocfft-clients-bench/lib"
-- Up-to-date: /public/home/zhangkewei/zr/install/bin/dyna-rocfft-bench
-- Up-to-date: /public/home/zhangkewei/zr/install/share/doc/rocfft/LICENSE.md

=====================================================
           rocfft Build + Install Complete!            
=====================================================

[4/6] hipfft: CMake Config ...
-- Found ROCm
-- BUILD_WITH_COMPILER = HIP-CLANG
-- Configuring done (0.6s)
-- Generating done (0.3s)
-- Build files have been written to: /public/home/zhangkewei/zr/build/hipfft_build

[5/6] hipfft: Build (using all cores) ...
[ 25%] Linking CXX shared library libhipfft.so
[ 50%] Built target hipfft
[ 75%] Linking CXX shared library libhipfftw.so
[100%] Built target hipfftw

[6/6] hipfft: Install to /public/home/zhangkewei/zr/install ...
-- Install configuration: "Release"
-- Up-to-date: /public/home/zhangkewei/zr/install/include
-- Up-to-date: /public/home/zhangkewei/zr/install/include/hipfft
-- Up-to-date: /public/home/zhangkewei/zr/install/include/hipfft/hipfft-export.h
-- Installing: /public/home/zhangkewei/zr/install/include/hipfft/hipfftXt.h
-- Installing: /public/home/zhangkewei/zr/install/include/hipfft/hipfftw.h
-- Up-to-date: /public/home/zhangkewei/zr/install/include/hipfft/hipfft-version.h
-- Installing: /public/home/zhangkewei/zr/install/include/hipfft/hiplibxt.h
-- Installing: /public/home/zhangkewei/zr/install/include/hipfft/hipfft.h
-- Installing: /public/home/zhangkewei/zr/install/include/hipfft/hipfftMp.h
-- Installing: /public/home/zhangkewei/zr/install/lib/libhipfft.so.0.1
-- Up-to-date: /public/home/zhangkewei/zr/install/lib/libhipfft.so.0
-- Set non-toolchain portion of runtime path of "/public/home/zhangkewei/zr/install/lib/libhipfft.so.0.1" to "$ORIGIN/../lib:$ORIGIN/../lib/hipfft/lib"
-- Up-to-date: /public/home/zhangkewei/zr/install/lib/libhipfft.so
-- Installing: /public/home/zhangkewei/zr/install/lib/libhipfftw.so
-- Set non-toolchain portion of runtime path of "/public/home/zhangkewei/zr/install/lib/libhipfftw.so" to "$ORIGIN/../lib:$ORIGIN/../lib/hipfft/lib"
-- Up-to-date: /public/home/zhangkewei/zr/install/lib/cmake/hipfft/hipfft-targets.cmake
-- Up-to-date: /public/home/zhangkewei/zr/install/lib/cmake/hipfft/hipfft-targets-release.cmake
-- Up-to-date: /public/home/zhangkewei/zr/install/lib/cmake/hipfft/hipfft-config.cmake
-- Up-to-date: /public/home/zhangkewei/zr/install/lib/cmake/hipfft/hipfft-config-version.cmake
-- Up-to-date: /public/home/zhangkewei/zr/install/share/doc/hipfft/LICENSE.md

=====================================================
       rocfft + hipfft Build/Install Complete!         
 Install Dir: /public/home/zhangkewei/zr/install
 End Time: Tue Jul 28 19:52:39 CST 2026
=====================================================
