>>> 已成功跨账号激活 fft 环境
/public/software/compiler/dtk-26.04/bin/hipcc
=====================================================
      Start building rocfft + hipfft (ROCm 7.2.2)    
=====================================================
 HOME Dir:       /public/home/zhangkewei
 rocfft Build:   /public/home/zhangkewei/zr/build/rocfft_build
 hipfft Build:   /public/home/zhangkewei/zr/build/hipfft_build
 Install Dir:    /public/home/zhangkewei/zr/install
 GPU Target:     gfx936
 Slurm Job ID:   710917
 Start Time:     Mon Jul 27 10:22:47 CST 2026
=====================================================

[1/6] rocfft: CMake Config ...
-- The CXX compiler identification is Clang 17.0.0
-- The C compiler identification is Clang 17.0.0
-- Detecting CXX compiler ABI info
-- Detecting CXX compiler ABI info - done
-- Check for working CXX compiler: /public/software/compiler/dtk-26.04/bin/hipcc - skipped
-- Detecting CXX compile features
-- Detecting CXX compile features - done
-- Detecting C compiler ABI info
-- Detecting C compiler ABI info - done
-- Check for working C compiler: /public/software/compiler/dtk-26.04/bin/hipcc - skipped
-- Detecting C compile features
-- Detecting C compile features - done
-- Performing Test COMPILER_HAS_TARGET_ID_gfx803
-- Performing Test COMPILER_HAS_TARGET_ID_gfx803 - Failed
-- Performing Test COMPILER_HAS_TARGET_ID_gfx900
-- Performing Test COMPILER_HAS_TARGET_ID_gfx900 - Success
-- Performing Test COMPILER_HAS_TARGET_ID_gfx906
-- Performing Test COMPILER_HAS_TARGET_ID_gfx906 - Success
-- Performing Test COMPILER_HAS_TARGET_ID_gfx908
-- Performing Test COMPILER_HAS_TARGET_ID_gfx908 - Failed
-- Performing Test COMPILER_HAS_TARGET_ID_gfx90a
-- Performing Test COMPILER_HAS_TARGET_ID_gfx90a - Failed
-- Performing Test COMPILER_HAS_TARGET_ID_gfx942
-- Performing Test COMPILER_HAS_TARGET_ID_gfx942 - Success
-- Performing Test COMPILER_HAS_TARGET_ID_gfx950
-- Performing Test COMPILER_HAS_TARGET_ID_gfx950 - Failed
-- Performing Test COMPILER_HAS_TARGET_ID_gfx1030
-- Performing Test COMPILER_HAS_TARGET_ID_gfx1030 - Failed
-- Performing Test COMPILER_HAS_TARGET_ID_gfx1100
-- Performing Test COMPILER_HAS_TARGET_ID_gfx1100 - Failed
-- Performing Test COMPILER_HAS_TARGET_ID_gfx1101
-- Performing Test COMPILER_HAS_TARGET_ID_gfx1101 - Failed
-- Performing Test COMPILER_HAS_TARGET_ID_gfx1102
-- Performing Test COMPILER_HAS_TARGET_ID_gfx1102 - Failed
-- Performing Test COMPILER_HAS_TARGET_ID_gfx1151
-- Performing Test COMPILER_HAS_TARGET_ID_gfx1151 - Failed
-- Performing Test COMPILER_HAS_TARGET_ID_gfx1200
-- Performing Test COMPILER_HAS_TARGET_ID_gfx1200 - Failed
-- Performing Test COMPILER_HAS_TARGET_ID_gfx1201
-- Performing Test COMPILER_HAS_TARGET_ID_gfx1201 - Failed
-- Performing Test CMAKE_HAVE_LIBC_PTHREAD
-- Performing Test CMAKE_HAVE_LIBC_PTHREAD - Success
-- Found Threads: TRUE
-- Performing Test HIP_CLANG_SUPPORTS_PARALLEL_JOBS
-- Performing Test HIP_CLANG_SUPPORTS_PARALLEL_JOBS - Success
-- Found Python3: /public/home/scnethpc2688/.conda/envs/fft/bin/python3.9 (found suitable version "3.9.25", minimum required is "3.6") found components: Interpreter
-- Performing Test COMPILER_HAS_HIDDEN_VISIBILITY
-- Performing Test COMPILER_HAS_HIDDEN_VISIBILITY - Success
-- Performing Test COMPILER_HAS_HIDDEN_INLINE_VISIBILITY
-- Performing Test COMPILER_HAS_HIDDEN_INLINE_VISIBILITY - Success
-- Performing Test COMPILER_HAS_DEPRECATED_ATTR
-- Performing Test COMPILER_HAS_DEPRECATED_ATTR - Success
-- Configuring done (33.7s)
-- Generating done (1.8s)
-- Build files have been written to: /public/home/zhangkewei/zr/build/rocfft_build

[2/6] rocfft: Build (using all cores) ...
[  1%] Building CXX object library/src/CMakeFiles/rocfft-rtc-compile.dir/rtc_compile.cpp.o
[  1%] Built target rocfft-rtc-compile
[  2%] Building CXX object library/src/CMakeFiles/rocfft_rtc_helper.dir/rocfft_rtc_helper.cpp.o
[  3%] Linking CXX executable rocfft_rtc_helper
[  3%] Built target rocfft_rtc_helper
[  4%] Building C object library/src/CMakeFiles/sqlite3.dir/__/__/_deps/sqlite_local-src/sqlite3.c.o
[  4%] Built target sqlite3
[  6%] Generating device/kernel-generator-embed.cpp
[  7%] Building CXX object library/src/CMakeFiles/rocfft-rtc-common.dir/device/kernel-generator-embed.cpp.o
[  8%] Building CXX object library/src/CMakeFiles/rocfft-rtc-common.dir/compute_scheme.cpp.o
[  9%] Building CXX object library/src/CMakeFiles/rocfft-rtc-common.dir/rocfft_ostream.cpp.o
[  9%] Built target rocfft-rtc-common
[ 10%] Building CXX object library/src/CMakeFiles/rocfft-rtc-subprocess.dir/rtc_subprocess.cpp.o
[ 10%] Built target rocfft-rtc-subprocess
[ 12%] Building CXX object library/src/CMakeFiles/rocfft-rtc-gen.dir/rtc_bluestein_gen.cpp.o
[ 13%] Building CXX object library/src/CMakeFiles/rocfft-rtc-gen.dir/rtc_realcomplex_gen.cpp.o
[ 14%] Building CXX object library/src/CMakeFiles/rocfft-rtc-gen.dir/rtc_stockham_gen.cpp.o
[ 15%] Building CXX object library/src/CMakeFiles/rocfft-rtc-gen.dir/rtc_transpose_gen.cpp.o
[ 17%] Building CXX object library/src/CMakeFiles/rocfft-rtc-gen.dir/rtc_twiddle_gen.cpp.o
[ 18%] Building CXX object library/src/CMakeFiles/rocfft-rtc-gen.dir/rtc_chirp_gen.cpp.o
[ 19%] Building CXX object library/src/CMakeFiles/rocfft-rtc-gen.dir/rtc_test_harness.cpp.o
[ 20%] Building CXX object library/src/CMakeFiles/rocfft-rtc-gen.dir/load_store_ops_gen.cpp.o
[ 20%] Built target rocfft-rtc-gen
[ 21%] Building CXX object library/src/CMakeFiles/rocfft-rtc-cache.dir/rtc_cache.cpp.o
[ 21%] Built target rocfft-rtc-cache
[ 23%] Building CXX object library/src/CMakeFiles/rocfft-rtc-launch.dir/rtc_kernel.cpp.o
[ 24%] Building CXX object library/src/CMakeFiles/rocfft-rtc-launch.dir/rtc_bluestein_kernel.cpp.o
[ 25%] Building CXX object library/src/CMakeFiles/rocfft-rtc-launch.dir/rtc_realcomplex_kernel.cpp.o
[ 26%] Building CXX object library/src/CMakeFiles/rocfft-rtc-launch.dir/rtc_stockham_kernel.cpp.o
[ 28%] Building CXX object library/src/CMakeFiles/rocfft-rtc-launch.dir/rtc_transpose_kernel.cpp.o
[ 29%] Building CXX object library/src/CMakeFiles/rocfft-rtc-launch.dir/rtc_twiddle_kernel.cpp.o
[ 30%] Building CXX object library/src/CMakeFiles/rocfft-rtc-launch.dir/rtc_chirp_kernel.cpp.o
[ 31%] Building CXX object library/src/CMakeFiles/rocfft-rtc-launch.dir/load_store_ops_kernel.cpp.o
[ 32%] Building CXX object library/src/CMakeFiles/rocfft-rtc-launch.dir/tree_node_callback.cpp.o
[ 32%] Built target rocfft-rtc-launch
[ 34%] Put solution map from external text file into library
-- gpu_arch=gfx936
-- data-folder=/public/home/zhangkewei/zr/rocm-libraries-rocm-7.2.2/projects/rocfft/library/solution_map
[ 35%] Building CXX object library/src/CMakeFiles/rocfft-solution-map.dir/solution_map.cpp.o
[ 36%] Building CXX object library/src/CMakeFiles/rocfft-solution-map.dir/solutions.cpp.o
[ 36%] Built target rocfft-solution-map
[ 37%] Building CXX object library/src/CMakeFiles/rocfft-tuning-helper.dir/tuning_helper.cpp.o
[ 37%] Built target rocfft-tuning-helper
[ 39%] Building CXX object library/src/device/generator/CMakeFiles/generator.dir/generator.cpp.o
[ 40%] Building CXX object library/src/device/generator/CMakeFiles/generator.dir/fftgenerator.cpp.o
[ 40%] Built target generator
[ 41%] Building CXX object library/src/device/generator/CMakeFiles/stockham_gen.dir/stockham_gen.cpp.o
[ 42%] Linking CXX executable stockham_gen
[ 42%] Built target stockham_gen
[ 43%] Generator producing device kernels for rocfft-device
[ 43%] Built target gen_headers_target
[ 45%] Building CXX object library/src/device/CMakeFiles/rocfft-function-pool.dir/function_pool_init_0.cpp.o
[ 46%] Building CXX object library/src/device/CMakeFiles/rocfft-function-pool.dir/function_pool_init_1.cpp.o
[ 47%] Building CXX object library/src/device/CMakeFiles/rocfft-function-pool.dir/function_pool_init_2.cpp.o
[ 48%] Building CXX object library/src/device/CMakeFiles/rocfft-function-pool.dir/function_pool_init_3.cpp.o
[ 50%] Building CXX object library/src/device/CMakeFiles/rocfft-function-pool.dir/function_pool_init_4.cpp.o
[ 51%] Building CXX object library/src/device/CMakeFiles/rocfft-function-pool.dir/function_pool_init_5.cpp.o
[ 52%] Building CXX object library/src/device/CMakeFiles/rocfft-function-pool.dir/function_pool_init_6.cpp.o
[ 53%] Building CXX object library/src/device/CMakeFiles/rocfft-function-pool.dir/function_pool_init_7.cpp.o
[ 54%] Building CXX object library/src/device/CMakeFiles/rocfft-function-pool.dir/function_pool.cpp.o
[ 56%] Built target rocfft-function-pool
[ 57%] Building CXX object library/src/CMakeFiles/rocfft_aot_helper.dir/enum_printer.cpp.o
[ 58%] Building CXX object library/src/CMakeFiles/rocfft_aot_helper.dir/rocfft_aot_helper.cpp.o
[ 59%] Building CXX object library/src/CMakeFiles/rocfft_aot_helper.dir/rocfft_stub.cpp.o
[ 60%] Linking CXX executable rocfft_aot_helper
[ 60%] Built target rocfft_aot_helper
[ 62%] Building CXX object library/src/CMakeFiles/rocfft_kernel_config_search.dir/rocfft_kernel_config_search.cpp.o
[ 63%] Building CXX object library/src/CMakeFiles/rocfft_kernel_config_search.dir/rocfft_stub.cpp.o
[ 64%] Linking CXX executable rocfft_kernel_config_search
[ 64%] Built target rocfft_kernel_config_search
[ 65%] Building CXX object library/src/CMakeFiles/rocfft.dir/auxiliary.cpp.o
[ 67%] Building CXX object library/src/CMakeFiles/rocfft.dir/plan.cpp.o
[ 68%] Building CXX object library/src/CMakeFiles/rocfft.dir/transform.cpp.o
[ 69%] Building CXX object library/src/CMakeFiles/rocfft.dir/repo.cpp.o
[ 70%] Building CXX object library/src/CMakeFiles/rocfft.dir/powX.cpp.o
[ 71%] Building CXX object library/src/CMakeFiles/rocfft.dir/chirp.cpp.o
[ 73%] Building CXX object library/src/CMakeFiles/rocfft.dir/twiddles.cpp.o
[ 74%] Building CXX object library/src/CMakeFiles/rocfft.dir/kargs.cpp.o
[ 75%] Building CXX object library/src/CMakeFiles/rocfft.dir/tree_node.cpp.o
[ 76%] Building CXX object library/src/CMakeFiles/rocfft.dir/tree_node_1D.cpp.o
[ 78%] Building CXX object library/src/CMakeFiles/rocfft.dir/tree_node_2D.cpp.o
[ 79%] Building CXX object library/src/CMakeFiles/rocfft.dir/tree_node_3D.cpp.o
[ 80%] Building CXX object library/src/CMakeFiles/rocfft.dir/tree_node_bluestein.cpp.o
[ 81%] Building CXX object library/src/CMakeFiles/rocfft.dir/tree_node_real.cpp.o
[ 82%] Building CXX object library/src/CMakeFiles/rocfft.dir/fuse_shim.cpp.o
[ 84%] Building CXX object library/src/CMakeFiles/rocfft.dir/assignment_policy.cpp.o
[ 85%] Building CXX object library/src/CMakeFiles/rocfft.dir/callback_map.cpp.o
[ 86%] Building CXX object library/src/CMakeFiles/rocfft.dir/node_factory.cpp.o
[ 87%] Building CXX object library/src/CMakeFiles/rocfft.dir/enum_printer.cpp.o
[ 89%] Building CXX object library/src/CMakeFiles/rocfft.dir/rtc_exports.cpp.o
[ 90%] Building CXX object library/src/CMakeFiles/rocfft.dir/tuning_kernel_tuner.cpp.o
[ 91%] Building CXX object library/src/CMakeFiles/rocfft.dir/tuning_plan_tuner.cpp.o
[ 92%] Linking CXX shared library librocfft.so
[ 92%] Built target rocfft
[ 93%] Building CXX object clients/bench/CMakeFiles/rocfft-bench.dir/__/__/shared/array_validator.cpp.o
[ 95%] Building CXX object clients/bench/CMakeFiles/rocfft-bench.dir/bench.cpp.o
[ 96%] Linking CXX executable ../staging/rocfft-bench
[ 96%] Built target rocfft-bench
[ 97%] Building CXX object clients/bench/CMakeFiles/dyna-rocfft-bench.dir/__/__/shared/array_validator.cpp.o
[ 98%] Building CXX object clients/bench/CMakeFiles/dyna-rocfft-bench.dir/dyna-bench.cpp.o
[100%] Linking CXX executable ../staging/dyna-rocfft-bench
[100%] Built target dyna-rocfft-bench

[3/6] rocfft: Install to /public/home/zhangkewei/zr/install ...
-- Install configuration: "Release"
-- Up-to-date: /public/home/zhangkewei/zr/install/include
-- Up-to-date: /public/home/zhangkewei/zr/install/include/rocfft
-- Installing: /public/home/zhangkewei/zr/install/include/rocfft/rocfft.h
-- Installing: /public/home/zhangkewei/zr/install/include/rocfft/rocfft-version.h
-- Installing: /public/home/zhangkewei/zr/install/include/rocfft/rocfft-export.h
-- Installing: /public/home/zhangkewei/zr/install/lib/librocfft.so.0.1
-- Up-to-date: /public/home/zhangkewei/zr/install/lib/librocfft.so.0
-- Set non-toolchain portion of runtime path of "/public/home/zhangkewei/zr/install/lib/librocfft.so.0.1" to "$ORIGIN/../lib:$ORIGIN/../lib/rocfft/lib"
-- Up-to-date: /public/home/zhangkewei/zr/install/lib/librocfft.so
-- Installing: /public/home/zhangkewei/zr/install/lib/rocfft/1.0.36/rocfft_rtc_helper
-- Set non-toolchain portion of runtime path of "/public/home/zhangkewei/zr/install/lib/rocfft/1.0.36/rocfft_rtc_helper" to "$ORIGIN/../../"
-- Installing: /public/home/zhangkewei/zr/install/lib/cmake/rocfft/rocfft-targets.cmake
-- Installing: /public/home/zhangkewei/zr/install/lib/cmake/rocfft/rocfft-targets-release.cmake
-- Installing: /public/home/zhangkewei/zr/install/lib/cmake/rocfft/rocfft-config.cmake
-- Installing: /public/home/zhangkewei/zr/install/lib/cmake/rocfft/rocfft-config-version.cmake
-- Installing: /public/home/zhangkewei/zr/install/.info/client-version
-- Installing: /public/home/zhangkewei/zr/install/bin/rocfft-bench
-- Set non-toolchain portion of runtime path of "/public/home/zhangkewei/zr/install/bin/rocfft-bench" to "$ORIGIN/../lib:$ORIGIN/../lib/rocfft-clients-bench/lib"
-- Installing: /public/home/zhangkewei/zr/install/bin/dyna-rocfft-bench
-- Set non-toolchain portion of runtime path of "/public/home/zhangkewei/zr/install/bin/dyna-rocfft-bench" to "$ORIGIN/../lib:$ORIGIN/../lib/rocfft-clients-bench/lib"
-- Up-to-date: /public/home/zhangkewei/zr/install/share/doc/rocfft/LICENSE.md

=====================================================
           rocfft Build + Install Complete!            
=====================================================

[4/6] hipfft: CMake Config ...
-- The CXX compiler identification is Clang 17.0.0
-- Detecting CXX compiler ABI info
-- Detecting CXX compiler ABI info - done
-- Check for working CXX compiler: /public/software/compiler/dtk-26.04/bin/hipcc - skipped
-- Detecting CXX compile features
-- Detecting CXX compile features - done
-- Performing Test CMAKE_HAVE_LIBC_PTHREAD
-- Performing Test CMAKE_HAVE_LIBC_PTHREAD - Success
-- Found Threads: TRUE
-- Performing Test HIP_CLANG_SUPPORTS_PARALLEL_JOBS
-- Performing Test HIP_CLANG_SUPPORTS_PARALLEL_JOBS - Success
-- Found ROCm
-- Performing Test COMPILER_HAS_TARGET_ID_gfx936
-- Performing Test COMPILER_HAS_TARGET_ID_gfx936 - Success
-- BUILD_WITH_COMPILER = HIP-CLANG
-- Performing Test COMPILER_HAS_HIDDEN_VISIBILITY
-- Performing Test COMPILER_HAS_HIDDEN_VISIBILITY - Success
-- Performing Test COMPILER_HAS_HIDDEN_INLINE_VISIBILITY
-- Performing Test COMPILER_HAS_HIDDEN_INLINE_VISIBILITY - Success
-- Performing Test COMPILER_HAS_DEPRECATED_ATTR
-- Performing Test COMPILER_HAS_DEPRECATED_ATTR - Success
-- Configuring done (26.9s)
-- Generating done (0.3s)
-- Build files have been written to: /public/home/zhangkewei/zr/build/hipfft_build

[5/6] hipfft: Build (using all cores) ...
[ 25%] Building CXX object library/CMakeFiles/hipfft.dir/src/amd_detail/hipfft.cpp.o
[ 50%] Linking CXX shared library libhipfft.so
[ 50%] Built target hipfft
[ 75%] Building CXX object library/CMakeFiles/hipfftw.dir/src/amd_detail/hipfftw.cpp.o
[100%] Linking CXX shared library libhipfftw.so
[100%] Built target hipfftw

[6/6] hipfft: Install to /public/home/zhangkewei/zr/install ...
-- Install configuration: "Release"
-- Up-to-date: /public/home/zhangkewei/zr/install/include
-- Up-to-date: /public/home/zhangkewei/zr/install/include/hipfft
-- Installing: /public/home/zhangkewei/zr/install/include/hipfft/hipfft-export.h
-- Installing: /public/home/zhangkewei/zr/install/include/hipfft/hipfftXt.h
-- Installing: /public/home/zhangkewei/zr/install/include/hipfft/hipfftw.h
-- Installing: /public/home/zhangkewei/zr/install/include/hipfft/hipfft-version.h
-- Installing: /public/home/zhangkewei/zr/install/include/hipfft/hiplibxt.h
-- Installing: /public/home/zhangkewei/zr/install/include/hipfft/hipfft.h
-- Installing: /public/home/zhangkewei/zr/install/include/hipfft/hipfftMp.h
-- Installing: /public/home/zhangkewei/zr/install/lib/libhipfft.so.0.1
-- Up-to-date: /public/home/zhangkewei/zr/install/lib/libhipfft.so.0
-- Set non-toolchain portion of runtime path of "/public/home/zhangkewei/zr/install/lib/libhipfft.so.0.1" to "$ORIGIN/../lib:$ORIGIN/../lib/hipfft/lib"
-- Up-to-date: /public/home/zhangkewei/zr/install/lib/libhipfft.so
-- Installing: /public/home/zhangkewei/zr/install/lib/libhipfftw.so
-- Set non-toolchain portion of runtime path of "/public/home/zhangkewei/zr/install/lib/libhipfftw.so" to "$ORIGIN/../lib:$ORIGIN/../lib/hipfft/lib"
-- Installing: /public/home/zhangkewei/zr/install/lib/cmake/hipfft/hipfft-targets.cmake
-- Installing: /public/home/zhangkewei/zr/install/lib/cmake/hipfft/hipfft-targets-release.cmake
-- Installing: /public/home/zhangkewei/zr/install/lib/cmake/hipfft/hipfft-config.cmake
-- Installing: /public/home/zhangkewei/zr/install/lib/cmake/hipfft/hipfft-config-version.cmake
-- Up-to-date: /public/home/zhangkewei/zr/install/share/doc/hipfft/LICENSE.md

=====================================================
       rocfft + hipfft Build/Install Complete!         
 Install Dir: /public/home/zhangkewei/zr/install
 End Time: Mon Jul 27 10:44:23 CST 2026
=====================================================
