>>> 已成功跨账号激活 fft 环境
/public/software/compiler/dtk-26.04/bin/hipcc
=====================================================
      Start building rocfft + hipfft (ROCm 7.2.2)    
=====================================================
 HOME Dir:       /public/home/zhangkewei
 rocfft Build:   /public/home/zhangkewei/zr/build/rocfft_build
 hipfft Build:   /public/home/zhangkewei/zr/build/hipfft_build
 Install Dir:    /public/home/zhangkewei/zr/install
 GPU Target:     gfx936
 Slurm Job ID:   710903
 Start Time:     Mon Jul 27 10:20:04 CST 2026
=====================================================

[1/6] rocfft: CMake Config ...
-- The CXX compiler identification is Clang 17.0.0
-- The C compiler identification is Clang 17.0.0
-- Detecting CXX compiler ABI info
-- Detecting CXX compiler ABI info - done
-- Check for working CXX compiler: /public/software/compiler/dtk-26.04/bin/hipcc - skipped
-- Detecting CXX compile features
-- Detecting CXX compile features - done
-- Detecting C compiler ABI info
-- Detecting C compiler ABI info - done
-- Check for working C compiler: /public/software/compiler/dtk-26.04/bin/hipcc - skipped
-- Detecting C compile features
-- Detecting C compile features - done
-- Performing Test COMPILER_HAS_TARGET_ID_gfx803
-- Performing Test COMPILER_HAS_TARGET_ID_gfx803 - Failed
-- Performing Test COMPILER_HAS_TARGET_ID_gfx900
-- Performing Test COMPILER_HAS_TARGET_ID_gfx900 - Success
-- Performing Test COMPILER_HAS_TARGET_ID_gfx906
-- Performing Test COMPILER_HAS_TARGET_ID_gfx906 - Success
-- Performing Test COMPILER_HAS_TARGET_ID_gfx908
-- Performing Test COMPILER_HAS_TARGET_ID_gfx908 - Failed
-- Performing Test COMPILER_HAS_TARGET_ID_gfx90a
-- Performing Test COMPILER_HAS_TARGET_ID_gfx90a - Failed
-- Performing Test COMPILER_HAS_TARGET_ID_gfx942
-- Performing Test COMPILER_HAS_TARGET_ID_gfx942 - Success
-- Performing Test COMPILER_HAS_TARGET_ID_gfx950
-- Performing Test COMPILER_HAS_TARGET_ID_gfx950 - Failed
-- Performing Test COMPILER_HAS_TARGET_ID_gfx1030
-- Performing Test COMPILER_HAS_TARGET_ID_gfx1030 - Failed
-- Performing Test COMPILER_HAS_TARGET_ID_gfx1100
-- Performing Test COMPILER_HAS_TARGET_ID_gfx1100 - Failed
-- Performing Test COMPILER_HAS_TARGET_ID_gfx1101
-- Performing Test COMPILER_HAS_TARGET_ID_gfx1101 - Failed
-- Performing Test COMPILER_HAS_TARGET_ID_gfx1102
-- Performing Test COMPILER_HAS_TARGET_ID_gfx1102 - Failed
-- Performing Test COMPILER_HAS_TARGET_ID_gfx1151
-- Performing Test COMPILER_HAS_TARGET_ID_gfx1151 - Failed
-- Performing Test COMPILER_HAS_TARGET_ID_gfx1200
-- Performing Test COMPILER_HAS_TARGET_ID_gfx1200 - Failed
-- Performing Test COMPILER_HAS_TARGET_ID_gfx1201
-- Performing Test COMPILER_HAS_TARGET_ID_gfx1201 - Failed
-- Performing Test CMAKE_HAVE_LIBC_PTHREAD
-- Performing Test CMAKE_HAVE_LIBC_PTHREAD - Success
-- Found Threads: TRUE
-- Performing Test HIP_CLANG_SUPPORTS_PARALLEL_JOBS
-- Performing Test HIP_CLANG_SUPPORTS_PARALLEL_JOBS - Success
-- Found Python3: /public/home/scnethpc2688/.conda/envs/fft/bin/python3.9 (found suitable version "3.9.25", minimum required is "3.6") found components: Interpreter
-- Performing Test COMPILER_HAS_HIDDEN_VISIBILITY
-- Performing Test COMPILER_HAS_HIDDEN_VISIBILITY - Success
-- Performing Test COMPILER_HAS_HIDDEN_INLINE_VISIBILITY
-- Performing Test COMPILER_HAS_HIDDEN_INLINE_VISIBILITY - Success
-- Performing Test COMPILER_HAS_DEPRECATED_ATTR
-- Performing Test COMPILER_HAS_DEPRECATED_ATTR - Success
-- Configuring done (33.7s)
-- Generating done (1.8s)
-- Build files have been written to: /public/home/zhangkewei/zr/build/rocfft_build

[2/6] rocfft: Build (using all cores) ...
[  1%] Building CXX object library/src/CMakeFiles/rocfft-rtc-compile.dir/rtc_compile.cpp.o
[  1%] Built target rocfft-rtc-compile
[  2%] Building CXX object library/src/CMakeFiles/rocfft_rtc_helper.dir/rocfft_rtc_helper.cpp.o
[  3%] Linking CXX executable rocfft_rtc_helper
[  3%] Built target rocfft_rtc_helper
[  4%] Building C object library/src/CMakeFiles/sqlite3.dir/__/__/_deps/sqlite_local-src/sqlite3.c.o
[  4%] Built target sqlite3
[  6%] Generating device/kernel-generator-embed.cpp
[  7%] Building CXX object library/src/CMakeFiles/rocfft-rtc-common.dir/device/kernel-generator-embed.cpp.o
[  8%] Building CXX object library/src/CMakeFiles/rocfft-rtc-common.dir/compute_scheme.cpp.o
[  9%] Building CXX object library/src/CMakeFiles/rocfft-rtc-common.dir/rocfft_ostream.cpp.o
[  9%] Built target rocfft-rtc-common
[ 10%] Building CXX object library/src/CMakeFiles/rocfft-rtc-subprocess.dir/rtc_subprocess.cpp.o
[ 10%] Built target rocfft-rtc-subprocess
[ 12%] Building CXX object library/src/CMakeFiles/rocfft-rtc-gen.dir/rtc_bluestein_gen.cpp.o
[ 13%] Building CXX object library/src/CMakeFiles/rocfft-rtc-gen.dir/rtc_realcomplex_gen.cpp.o
