>>> 已激活 fft 环境
==========================================================
 Running rocfft-bench
 Length: 524288 (512k) | Batch: 1000 | Type: z2z
 Output: /public/home/zhangkewei/zr/results/z2z_512k_b1000_cc512k_20260730_104925.csv
==========================================================
Running profile with 10 samples
out-of-place
length: 524288

Token: complex_forward_len_524288_double_op_batch_1000_istride_1_CI_ostride_1_CI_idist_524288_odist_524288_ioffset_0_0_ooffset_0_0

Execution gpu time: 56.0765 56.1285 56.1405 56.0963 56.0888 56.064 56.1049 56.1025 56.042 56.0931 ms
Execution gflops:   888.205 887.382 887.192 887.89 888.01 888.402 887.754 887.792 888.75 887.941
HIP_PROF:on Thu Jul 30 10:49:25 2026
HIP_PROF:process id '221614'
HIP_PROF:db file '/public/home/zhangkewei/zr/results/z2z_512k_b1000_cc512k_20260730_104925.csv.db'
HIP_PROF:out put file '/public/home/zhangkewei/zr/results/z2z_512k_b1000_cc512k_20260730_104925.csv'
HIP_PROF:profiling ' /public/home/zhangkewei/zr/install/bin/rocfft-bench --length 524288 --batchSize 1000 --precision double --transformType 0 -o -N 10'
HIP_PROF:process begin
HIP_PROF:process end run total cost:9(s)
---------------------------------------------------------------------------------------------------------------------------------------------------------------------
HIP_PROF:IP:[31m12.5.2.3[0m HIP API statistics
---------------------------------------------------------------------------------------------------------------------------------------------------------------------
|Name                                                          |Calls          |TotalDurationNs            |AverageNs                  |Percentage                 |
---------------------------------------------------------------------------------------------------------------------------------------------------------------------
|hiprtcCompileProgram                                          |6              |11114089989                |1852348331                 |72.1801200544551           |
|hipEventSynchronize                                           |10             |3025600750                 |302560075                  |19.6496722257959           |
|hipFree                                                       |8              |1132015337                 |141501917                  |7.35183924271035           |
|hipMalloc                                                     |8              |55865770                   |6983221                    |0.362818547404743          |
|hiprtcCreateProgram                                           |6              |30184539                   |5030756                    |0.196032572254205          |
|hipModuleGetFunction                                          |7              |24591525                   |3513075                    |0.159708912612632          |
|hipModuleLaunchKernel                                         |25             |9907982                    |396319                     |0.0643470883324859         |
|hipLaunchKernel                                               |11             |3682024                    |334729                     |0.0239127930965491         |
|hipModuleLoadData                                             |7              |518912                     |74130                      |0.00337005823191715        |
|hipStreamSynchronize                                          |3              |317570                     |105856                     |0.00206244872485109        |
|hipEventRecord                                                |20             |316871                     |15843                      |0.00205790909056992        |
|hipModuleUnload                                               |7              |188981                     |26997                      |0.00122733136779634        |
|hiprtcDestroyProgram                                          |6              |180531                     |30088                      |0.00117245309930438        |
|hipStreamDestroy                                              |1              |111780                     |111780                     |0.000725951816808435       |
|hipMemcpy                                                     |2              |64430                      |32215                      |0.000418438679164139       |
|hipGetDevice                                                  |75             |11950                      |159                        |7.76089122460261e-05       |
|hipMemGetInfo                                                 |1              |11830                      |11830                      |7.68295758887439e-05       |
|hipGetDeviceProperties                                        |14             |10590                      |756                        |6.87764335301604e-05       |
|hipSetDevice                                                  |72             |9630                       |133                        |6.25417426719022e-05       |
|hipEventElapsedTime                                           |10             |9460                       |946                        |6.1437682832419e-05        |
|hiprtcGetCode                                                 |6              |6900                       |1150                       |4.48118405437306e-05       |
|hipStreamCreate                                               |1              |4990                       |4990                       |3.24074035236544e-05       |
|__hipPopCallConfiguration                                     |11             |3290                       |299                        |2.13668051288223e-05       |
|__hipPushCallConfiguration                                    |11             |3080                       |280                        |2.00029665035783e-05       |
|hipEventCreate                                                |2              |2100                       |1050                       |1.36383862524397e-05       |
|hipEventDestroy                                               |2              |2050                       |1025                       |1.33136627702388e-05       |
|hipGetLastError                                               |11             |1500                       |136                        |9.74170446602838e-06       |
|hiprtcGetCodeSize                                             |6              |1220                       |203                        |7.92325296570309e-06       |
|hipGetDeviceCount                                             |1              |550                        |550                        |3.57195830421041e-06       |
---------------------------------------------------------------------------------------------------------------------------------------------------------------------
|Total                                                         |350            |15397716131                |43993474                   |100.0                      |
---------------------------------------------------------------------------------------------------------------------------------------------------------------------
---------------------------------------------------------------------------------------------------------------------------------------------------------------------
HIP_PROF:IP:[31m12.5.2.3[0m HIPOPS API statistics
---------------------------------------------------------------------------------------------------------------------------------------------------------------------
|Name                                                          |Calls          |TotalDurationNs            |AverageNs                  |Percentage                 |
---------------------------------------------------------------------------------------------------------------------------------------------------------------------
|void generate_random_interleaved_data_kernel<input_val_1D<u...|11             |2406751885                 |218795625                  |79.59                      |
|fft_rtc_fwd_len_1024_factors_16_16_4_wgs_128_tpt_64_dim_2_d...|11             |414244092                  |37658553                   |13.699                     |
|fft_rtc_fwd_len_512_factors_8_8_8_wgs_512_tpt_128_dp_op_CI_...|11             |202920535                  |18447321                   |6.71                       |
|twiddle_gen_radices_dp                                        |2              |32640                      |16320                      |0.001                      |
|twiddle_gen_large_dp                                          |1              |4960                       |4960                       |0.0                        |
---------------------------------------------------------------------------------------------------------------------------------------------------------------------
|Total                                                         |36             |3023954112                 |83998725                   |100.0                      |
---------------------------------------------------------------------------------------------------------------------------------------------------------------------
HIP_PROF:finish
Cleaning up raw trace files...
Done! Cleaned up trace files, kept only /public/home/zhangkewei/zr/results/z2z_512k_b1000_cc512k_20260730_104925.csv.hipkernel.csv
