>>> 已成功跨账号激活 fft 环境
==========================================================
 Running rocfft-bench
 Length: 524288 (512k) | Batch: 1000 | Type: z2z
 Output: /public/home/zhangkewei/zr/results/z2z_512k_b1000_tuning_20260727_192857.csv
==========================================================
Running profile with 10 samples
out-of-place
length: 524288

Token: complex_forward_len_524288_double_op_batch_1000_istride_1_CI_ostride_1_CI_idist_524288_odist_524288_ioffset_0_0_ooffset_0_0

Execution gpu time: 70.2583 70.2584 70.2726 70.2627 70.2133 70.264 70.2891 70.2507 70.2757 70.2718 ms
Execution gflops:   708.918 708.917 708.773 708.873 709.372 708.86 708.607 708.994 708.743 708.781
HIP_PROF:on Mon Jul 27 19:29:07 2026
HIP_PROF:process id '4088986'
HIP_PROF:db file '/public/home/zhangkewei/zr/results/z2z_512k_b1000_tuning_20260727_192857.csv.db'
HIP_PROF:out put file '/public/home/zhangkewei/zr/results/z2z_512k_b1000_tuning_20260727_192857.csv'
HIP_PROF:profiling ' /public/home/zhangkewei/zr/build/rocfft_build/clients/staging/rocfft-bench --length 524288 --batchSize 1000 --precision double --transformType 0 -o -N 10'
HIP_PROF:process begin
HIP_PROF:process end run total cost:7(s)
---------------------------------------------------------------------------------------------------------------------------------------------------------------------
HIP_PROF:IP:[31m12.5.2.3[0m HIP API statistics
---------------------------------------------------------------------------------------------------------------------------------------------------------------------
|Name                                                          |Calls          |TotalDurationNs            |AverageNs                  |Percentage                 |
---------------------------------------------------------------------------------------------------------------------------------------------------------------------
|hiprtcCompileProgram                                          |7              |5919582957                 |845654708                  |57.1772971059978           |
|hipEventSynchronize                                           |10             |3181677475                 |318167747                  |30.7318470921018           |
|hipFree                                                       |11             |1132039664                 |102912696                  |10.9343797822381           |
|hipMalloc                                                     |11             |54793651                   |4981241                    |0.529252294546288          |
|hipModuleGetFunction                                          |10             |31702994                   |3170299                    |0.306219461785586          |
|hipModuleLoadData                                             |10             |14994602                   |1499460                    |0.144832975526825          |
|hipModuleLaunchKernel                                         |58             |9910820                    |170876                     |0.0957286862639477         |
|hipLaunchKernel                                               |11             |3784896                    |344081                     |0.0365583394437262         |
|hiprtcCreateProgram                                           |7              |3155344                    |450763                     |0.0304774918554499         |
|hipStreamSynchronize                                          |3              |338222                     |112740                     |0.00326688888765661        |
|hipModuleUnload                                               |10             |298851                     |29885                      |0.00288660409720558        |
|hiprtcDestroyProgram                                          |7              |287072                     |41010                      |0.00277283064601758        |
|hipMemcpy                                                     |5              |136380                     |27276                      |0.00131729546421761        |
|hipStreamDestroy                                              |1              |130681                     |130681                     |0.00126224877958221        |
|hipEventRecord                                                |20             |97611                      |4880                       |0.0009428253963759         |
|hipGetDevice                                                  |84             |15620                      |185                        |0.000150873699597295       |
|hipGetDeviceProperties                                        |14             |13790                      |985                        |0.000133197715585576       |
|hipSetDevice                                                  |81             |13620                      |168                        |0.000131555684283941       |
|hipEventElapsedTime                                           |10             |12480                      |1248                       |0.000120544415555329       |
|hipMemGetInfo                                                 |1              |12090                      |12090                      |0.000116777402569225       |
|hiprtcGetCode                                                 |7              |6710                       |958                        |6.48119413763028e-05       |
|hipStreamCreate                                               |1              |5970                       |5970                       |5.76642757103618e-05       |
|__hipPopCallConfiguration                                     |11             |3870                       |351                        |3.73803596313401e-05       |
|__hipPushCallConfiguration                                    |11             |3750                       |340                        |3.62212787125388e-05       |
|hipEventCreate                                                |2              |3540                       |1770                       |3.41928871046366e-05       |
|hipEventDestroy                                               |2              |2860                       |1430                       |2.76247618980963e-05       |
|hiprtcGetCodeSize                                             |7              |1910                       |272                        |1.84487046242531e-05       |
|hipGetLastError                                               |11             |1700                       |154                        |1.64203130163509e-05       |
|hipGetDeviceCount                                             |1              |1280                       |1280                       |1.23635298005466e-05       |
---------------------------------------------------------------------------------------------------------------------------------------------------------------------
|Total                                                         |424            |10353030410                |24417524                   |100.0                      |
---------------------------------------------------------------------------------------------------------------------------------------------------------------------
---------------------------------------------------------------------------------------------------------------------------------------------------------------------
HIP_PROF:IP:[31m12.5.2.3[0m HIPOPS API statistics
---------------------------------------------------------------------------------------------------------------------------------------------------------------------
|Name                                                          |Calls          |TotalDurationNs            |AverageNs                  |Percentage                 |
---------------------------------------------------------------------------------------------------------------------------------------------------------------------
|void generate_random_interleaved_data_kernel<input_val_1D<u...|11             |2406752815                 |218795710                  |75.694                     |
|transpose_rtc_tile32x32_dim2_dp_CI_CI_diag_aligned            |22             |322041245                  |14638238                   |10.128                     |
|transpose_rtc_tile32x32_dim2_dp_CI_CI_twd3step_fwd_diag_ali...|11             |167074376                  |15188579                   |5.255                      |
|fft_rtc_fwd_len_512_factors_8_8_8_wgs_64_tpt_64_halfLds_dp_...|11             |143399823                  |13036347                   |4.51                       |
|fft_rtc_fwd_len_1024_factors_8_8_4_4_wgs_128_tpt_128_halfLd...|11             |140279825                  |12752711                   |4.412                      |
|twiddle_gen_radices_dp                                        |2              |29280                      |14640                      |0.001                      |
|twiddle_gen_large_dp                                          |1              |5920                       |5920                       |0.0                        |
---------------------------------------------------------------------------------------------------------------------------------------------------------------------
|Total                                                         |69             |3179583284                 |46080917                   |100.0                      |
---------------------------------------------------------------------------------------------------------------------------------------------------------------------
HIP_PROF:finish
Cleaning up raw trace files...
Done! Cleaned up trace files, kept only /public/home/zhangkewei/zr/results/z2z_512k_b1000_tuning_20260727_192857.csv.hipkernel.csv
