>>> 已成功跨账号激活 fft 环境
==========================================================
 Running rocfft-bench
 Length: 262144 (256k) | Batch: 0 | Type: z2z
 Output: /public/home/zhangkewei/zr/results/z2z_256k_b0_tuning_20260727_133024.csv
==========================================================
Running profile with 10 samples
out-of-place
length: 262144

Token: complex_forward_len_262144_double_op_batch_0_istride_1_CI_ostride_1_CI_idist_262144_odist_262144_ioffset_0_0_ooffset_0_0
HIP_PROF:on Mon Jul 27 13:30:24 2026
HIP_PROF:process id '3693967'
HIP_PROF:db file '/public/home/zhangkewei/zr/results/z2z_256k_b0_tuning_20260727_133024.csv.db'
HIP_PROF:out put file '/public/home/zhangkewei/zr/results/z2z_256k_b0_tuning_20260727_133024.csv'
HIP_PROF:profiling ' /public/home/zhangkewei/zr/build/rocfft_build/clients/staging/rocfft-bench --length 262144 --batchSize 0 --precision double --transformType 0 -o -N 10'
HIP_PROF:process begin
HIP_PROF:process end run total cost:5(s)
---------------------------------------------------------------------------------------------------------------------------------------------------------------------
HIP_PROF:IP:[31m12.5.2.3[0m HIP API statistics
---------------------------------------------------------------------------------------------------------------------------------------------------------------------
|Name                                                          |Calls          |TotalDurationNs            |AverageNs                  |Percentage                 |
---------------------------------------------------------------------------------------------------------------------------------------------------------------------
|hiprtcCompileProgram                                          |4              |7575181231                 |1893795307                 |99.9684524136237           |
|hiprtcCreateProgram                                           |4              |2182220                    |545555                     |0.0287984075329191         |
|hiprtcDestroyProgram                                          |4              |203081                     |50770                      |0.00268002740337489        |
|hiprtcGetCode                                                 |4              |4430                       |1107                       |5.84619998766539e-05       |
|hiprtcGetCodeSize                                             |4              |810                        |202                        |1.06894401580338e-05       |
---------------------------------------------------------------------------------------------------------------------------------------------------------------------
|Total                                                         |20             |7577571772                 |378878588                  |100.0                      |
---------------------------------------------------------------------------------------------------------------------------------------------------------------------
HIP_PROF:finish
Cleaning up raw trace files...
Done! Cleaned up trace files, kept only /public/home/zhangkewei/zr/results/z2z_256k_b0_tuning_20260727_133024.csv.hipkernel.csv
