>>> 已激活 fft 环境
/public/software/compiler/dtk-26.04/bin/hipcc
-- Configuring done (4.7s)
-- Generating done (1.7s)
-- Build files have been written to: /public/home/zhangkewei/zr/build/exp090_candidate
[  1%] Building CXX object library/src/CMakeFiles/rocfft-rtc-compile.dir/rtc_compile.cpp.o
[  1%] Built target rocfft-rtc-compile
[  2%] Building CXX object library/src/CMakeFiles/rocfft_rtc_helper.dir/rocfft_rtc_helper.cpp.o
[  3%] Linking CXX executable rocfft_rtc_helper
[  3%] Built target rocfft_rtc_helper
[  4%] Building C object library/src/CMakeFiles/sqlite3.dir/__/__/_deps/sqlite_local-src/sqlite3.c.o
[  4%] Built target sqlite3
[  6%] Generating device/kernel-generator-embed.cpp
[  7%] Building CXX object library/src/CMakeFiles/rocfft-rtc-common.dir/device/kernel-generator-embed.cpp.o
[  8%] Building CXX object library/src/CMakeFiles/rocfft-rtc-common.dir/compute_scheme.cpp.o
[  9%] Building CXX object library/src/CMakeFiles/rocfft-rtc-common.dir/rocfft_ostream.cpp.o
[  9%] Built target rocfft-rtc-common
[ 10%] Building CXX object library/src/CMakeFiles/rocfft-rtc-subprocess.dir/rtc_subprocess.cpp.o
[ 10%] Built target rocfft-rtc-subprocess
[ 20%] Built target rocfft-rtc-gen
[ 21%] Building CXX object library/src/CMakeFiles/rocfft-rtc-cache.dir/rtc_cache.cpp.o
[ 21%] Built target rocfft-rtc-cache
[ 23%] Building CXX object library/src/CMakeFiles/rocfft-rtc-launch.dir/rtc_kernel.cpp.o
[ 24%] Building CXX object library/src/CMakeFiles/rocfft-rtc-launch.dir/rtc_bluestein_kernel.cpp.o
[ 25%] Building CXX object library/src/CMakeFiles/rocfft-rtc-launch.dir/rtc_realcomplex_kernel.cpp.o
[ 26%] Building CXX object library/src/CMakeFiles/rocfft-rtc-launch.dir/rtc_stockham_kernel.cpp.o
[ 28%] Building CXX object library/src/CMakeFiles/rocfft-rtc-launch.dir/rtc_transpose_kernel.cpp.o
[ 29%] Building CXX object library/src/CMakeFiles/rocfft-rtc-launch.dir/rtc_twiddle_kernel.cpp.o
[ 30%] Building CXX object library/src/CMakeFiles/rocfft-rtc-launch.dir/rtc_chirp_kernel.cpp.o
[ 31%] Building CXX object library/src/CMakeFiles/rocfft-rtc-launch.dir/load_store_ops_kernel.cpp.o
[ 32%] Building CXX object library/src/CMakeFiles/rocfft-rtc-launch.dir/tree_node_callback.cpp.o
[ 32%] Built target rocfft-rtc-launch
[ 34%] Put solution map from external text file into library
-- gpu_arch=gfx936
-- data-folder=/public/home/zhangkewei/zr/exp-078-sbrc-two-tier/rocm-libraries-rocm-7.2.2/projects/rocfft/library/solution_map
[ 35%] Building CXX object library/src/CMakeFiles/rocfft-solution-map.dir/solution_map.cpp.o
[ 36%] Building CXX object library/src/CMakeFiles/rocfft-solution-map.dir/solutions.cpp.o
[ 36%] Built target rocfft-solution-map
[ 37%] Building CXX object library/src/CMakeFiles/rocfft-tuning-helper.dir/tuning_helper.cpp.o
[ 37%] Built target rocfft-tuning-helper
[ 39%] Building CXX object library/src/device/generator/CMakeFiles/generator.dir/generator.cpp.o
[ 40%] Building CXX object library/src/device/generator/CMakeFiles/generator.dir/fftgenerator.cpp.o
[ 40%] Built target generator
[ 41%] Building CXX object library/src/device/generator/CMakeFiles/stockham_gen.dir/stockham_gen.cpp.o
[ 42%] Linking CXX executable stockham_gen
[ 42%] Built target stockham_gen
[ 43%] Generator producing device kernels for rocfft-device
[ 43%] Built target gen_headers_target
[ 45%] Building CXX object library/src/device/CMakeFiles/rocfft-function-pool.dir/function_pool_init_0.cpp.o
[ 46%] Building CXX object library/src/device/CMakeFiles/rocfft-function-pool.dir/function_pool_init_1.cpp.o
[ 47%] Building CXX object library/src/device/CMakeFiles/rocfft-function-pool.dir/function_pool_init_2.cpp.o
[ 48%] Building CXX object library/src/device/CMakeFiles/rocfft-function-pool.dir/function_pool_init_3.cpp.o
[ 50%] Building CXX object library/src/device/CMakeFiles/rocfft-function-pool.dir/function_pool_init_4.cpp.o
[ 51%] Building CXX object library/src/device/CMakeFiles/rocfft-function-pool.dir/function_pool_init_5.cpp.o
[ 52%] Building CXX object library/src/device/CMakeFiles/rocfft-function-pool.dir/function_pool_init_6.cpp.o
[ 53%] Building CXX object library/src/device/CMakeFiles/rocfft-function-pool.dir/function_pool_init_7.cpp.o
[ 54%] Building CXX object library/src/device/CMakeFiles/rocfft-function-pool.dir/function_pool.cpp.o
[ 56%] Built target rocfft-function-pool
[ 57%] Building CXX object library/src/CMakeFiles/rocfft_aot_helper.dir/enum_printer.cpp.o
[ 58%] Building CXX object library/src/CMakeFiles/rocfft_aot_helper.dir/rocfft_aot_helper.cpp.o
[ 59%] Building CXX object library/src/CMakeFiles/rocfft_aot_helper.dir/rocfft_stub.cpp.o
[ 60%] Linking CXX executable rocfft_aot_helper
[ 60%] Built target rocfft_aot_helper
[ 62%] Building CXX object library/src/CMakeFiles/rocfft_kernel_config_search.dir/rocfft_kernel_config_search.cpp.o
[ 63%] Building CXX object library/src/CMakeFiles/rocfft_kernel_config_search.dir/rocfft_stub.cpp.o
[ 64%] Linking CXX executable rocfft_kernel_config_search
[ 64%] Built target rocfft_kernel_config_search
[ 65%] Building CXX object library/src/CMakeFiles/rocfft.dir/auxiliary.cpp.o
[ 67%] Building CXX object library/src/CMakeFiles/rocfft.dir/plan.cpp.o
[ 68%] Building CXX object library/src/CMakeFiles/rocfft.dir/transform.cpp.o
[ 69%] Building CXX object library/src/CMakeFiles/rocfft.dir/repo.cpp.o
[ 70%] Building CXX object library/src/CMakeFiles/rocfft.dir/powX.cpp.o
[ 71%] Building CXX object library/src/CMakeFiles/rocfft.dir/chirp.cpp.o
[ 73%] Building CXX object library/src/CMakeFiles/rocfft.dir/twiddles.cpp.o
[ 74%] Building CXX object library/src/CMakeFiles/rocfft.dir/kargs.cpp.o
[ 75%] Building CXX object library/src/CMakeFiles/rocfft.dir/tree_node.cpp.o
[ 76%] Building CXX object library/src/CMakeFiles/rocfft.dir/tree_node_1D.cpp.o
[ 78%] Building CXX object library/src/CMakeFiles/rocfft.dir/tree_node_2D.cpp.o
[ 79%] Building CXX object library/src/CMakeFiles/rocfft.dir/tree_node_3D.cpp.o
[ 80%] Building CXX object library/src/CMakeFiles/rocfft.dir/tree_node_bluestein.cpp.o
[ 81%] Building CXX object library/src/CMakeFiles/rocfft.dir/tree_node_real.cpp.o
[ 82%] Building CXX object library/src/CMakeFiles/rocfft.dir/fuse_shim.cpp.o
[ 84%] Building CXX object library/src/CMakeFiles/rocfft.dir/assignment_policy.cpp.o
[ 85%] Building CXX object library/src/CMakeFiles/rocfft.dir/callback_map.cpp.o
[ 86%] Building CXX object library/src/CMakeFiles/rocfft.dir/node_factory.cpp.o
[ 87%] Building CXX object library/src/CMakeFiles/rocfft.dir/enum_printer.cpp.o
[ 89%] Building CXX object library/src/CMakeFiles/rocfft.dir/rtc_exports.cpp.o
[ 90%] Building CXX object library/src/CMakeFiles/rocfft.dir/tuning_kernel_tuner.cpp.o
[ 91%] Building CXX object library/src/CMakeFiles/rocfft.dir/tuning_plan_tuner.cpp.o
[ 92%] Linking CXX shared library librocfft.so
[ 92%] Built target rocfft
[ 93%] Building CXX object clients/bench/CMakeFiles/rocfft-bench.dir/__/__/shared/array_validator.cpp.o
[ 95%] Building CXX object clients/bench/CMakeFiles/rocfft-bench.dir/bench.cpp.o
[ 96%] Linking CXX executable ../staging/rocfft-bench
[ 96%] Built target rocfft-bench
[ 97%] Building CXX object clients/bench/CMakeFiles/dyna-rocfft-bench.dir/__/__/shared/array_validator.cpp.o
[ 98%] Building CXX object clients/bench/CMakeFiles/dyna-rocfft-bench.dir/dyna-bench.cpp.o
[100%] Linking CXX executable ../staging/dyna-rocfft-bench
[100%] Built target dyna-rocfft-bench
-- Install configuration: "Release"
-- Installing: /public/home/zhangkewei/zr/install-exp090-candidate/include
-- Installing: /public/home/zhangkewei/zr/install-exp090-candidate/include/rocfft
-- Installing: /public/home/zhangkewei/zr/install-exp090-candidate/include/rocfft/rocfft-version.h
-- Installing: /public/home/zhangkewei/zr/install-exp090-candidate/include/rocfft/rocfft.h
-- Installing: /public/home/zhangkewei/zr/install-exp090-candidate/include/rocfft/rocfft-export.h
-- Installing: /public/home/zhangkewei/zr/install-exp090-candidate/lib/librocfft.so.0.1
-- Installing: /public/home/zhangkewei/zr/install-exp090-candidate/lib/librocfft.so.0
-- Set non-toolchain portion of runtime path of "/public/home/zhangkewei/zr/install-exp090-candidate/lib/librocfft.so.0.1" to "$ORIGIN/../lib:$ORIGIN/../lib/rocfft/lib"
-- Installing: /public/home/zhangkewei/zr/install-exp090-candidate/lib/librocfft.so
-- Installing: /public/home/zhangkewei/zr/install-exp090-candidate/lib/rocfft/1.0.36/rocfft_rtc_helper
-- Set non-toolchain portion of runtime path of "/public/home/zhangkewei/zr/install-exp090-candidate/lib/rocfft/1.0.36/rocfft_rtc_helper" to "$ORIGIN/../../"
-- Installing: /public/home/zhangkewei/zr/install-exp090-candidate/lib/cmake/rocfft/rocfft-targets.cmake
-- Installing: /public/home/zhangkewei/zr/install-exp090-candidate/lib/cmake/rocfft/rocfft-targets-release.cmake
-- Installing: /public/home/zhangkewei/zr/install-exp090-candidate/lib/cmake/rocfft/rocfft-config.cmake
-- Installing: /public/home/zhangkewei/zr/install-exp090-candidate/lib/cmake/rocfft/rocfft-config-version.cmake
-- Installing: /public/home/zhangkewei/zr/install-exp090-candidate/.info/client-version
-- Installing: /public/home/zhangkewei/zr/install-exp090-candidate/bin/rocfft-bench
-- Set non-toolchain portion of runtime path of "/public/home/zhangkewei/zr/install-exp090-candidate/bin/rocfft-bench" to "$ORIGIN/../lib:$ORIGIN/../lib/rocfft-clients-bench/lib"
-- Installing: /public/home/zhangkewei/zr/install-exp090-candidate/bin/dyna-rocfft-bench
-- Set non-toolchain portion of runtime path of "/public/home/zhangkewei/zr/install-exp090-candidate/bin/dyna-rocfft-bench" to "$ORIGIN/../lib:$ORIGIN/../lib/rocfft-clients-bench/lib"
-- Installing: /public/home/zhangkewei/zr/install-exp090-candidate/share/doc/rocfft/LICENSE.md
EXP-090 candidate build complete
source_head=0473680e99b181e4660643425f53382f3a6afad7
install=/public/home/zhangkewei/zr/install-exp090-candidate
