>>> 已激活 fft 环境
case=01 length=65536 direction=forward placement=inplace batch=1 relative_l2=7.133677e-16 relative_max=1.054662e-15 max_abs=1.327023e-12 status=PASS
case=02 length=65536 direction=forward placement=inplace batch=3 relative_l2=7.107081e-16 relative_max=1.046250e-15 max_abs=1.446997e-12 status=PASS
case=03 length=65536 direction=forward placement=outofplace batch=1 relative_l2=7.099526e-16 relative_max=9.167841e-16 max_abs=1.215174e-12 status=PASS
case=04 length=65536 direction=forward placement=outofplace batch=3 relative_l2=7.124507e-16 relative_max=1.172769e-15 max_abs=1.461440e-12 status=PASS
case=05 length=65536 direction=inverse placement=inplace batch=1 relative_l2=1.422973e+00 relative_max=1.352872e+00 max_abs=1.663811e+03 forward_reference_relative_l2=1.413935e+00 status=FAIL
case=06 length=65536 direction=inverse placement=inplace batch=3 relative_l2=1.423733e+00 relative_max=1.401346e+00 max_abs=1.770721e+03 forward_reference_relative_l2=1.412962e+00 status=FAIL
case=07 length=65536 direction=inverse placement=outofplace batch=1 relative_l2=1.428476e+00 relative_max=1.365906e+00 max_abs=1.671211e+03 forward_reference_relative_l2=1.414093e+00 status=FAIL
case=08 length=65536 direction=inverse placement=outofplace batch=3 relative_l2=1.423383e+00 relative_max=1.359763e+00 max_abs=1.910983e+03 forward_reference_relative_l2=1.412820e+00 status=FAIL
case=09 length=131072 direction=forward placement=inplace batch=1 relative_l2=6.799013e-16 relative_max=9.028447e-16 max_abs=1.809193e-12 status=PASS
case=10 length=131072 direction=forward placement=inplace batch=3 relative_l2=6.798159e-16 relative_max=1.142099e-15 max_abs=2.024137e-12 status=PASS
case=11 length=131072 direction=forward placement=outofplace batch=1 relative_l2=6.798424e-16 relative_max=9.468367e-16 max_abs=1.889563e-12 status=PASS
case=12 length=131072 direction=forward placement=outofplace batch=3 relative_l2=6.811860e-16 relative_max=9.044900e-16 max_abs=1.720394e-12 status=PASS
case=13 length=131072 direction=inverse placement=inplace batch=1 relative_l2=1.424118e+00 relative_max=1.403677e+00 max_abs=2.597198e+03 forward_reference_relative_l2=1.413456e+00 status=FAIL
case=14 length=131072 direction=inverse placement=inplace batch=3 relative_l2=1.423262e+00 relative_max=1.427255e+00 max_abs=2.707762e+03 forward_reference_relative_l2=1.415910e+00 status=FAIL
case=15 length=131072 direction=inverse placement=outofplace batch=1 relative_l2=1.423884e+00 relative_max=1.463063e+00 max_abs=2.625411e+03 forward_reference_relative_l2=1.414123e+00 status=FAIL
case=16 length=131072 direction=inverse placement=outofplace batch=3 relative_l2=1.423459e+00 relative_max=1.558024e+00 max_abs=2.895346e+03 forward_reference_relative_l2=1.414246e+00 status=FAIL
case=17 length=262144 direction=forward placement=inplace batch=1 relative_l2=6.565326e-16 relative_max=8.709112e-16 max_abs=2.273737e-12 status=PASS
case=18 length=262144 direction=forward placement=inplace batch=3 relative_l2=6.563942e-16 relative_max=9.881219e-16 max_abs=2.542115e-12 status=PASS
case=19 length=262144 direction=forward placement=outofplace batch=1 relative_l2=6.575439e-16 relative_max=9.723403e-16 max_abs=2.417015e-12 status=PASS
case=20 length=262144 direction=forward placement=outofplace batch=3 relative_l2=6.565214e-16 relative_max=9.202770e-16 max_abs=2.572439e-12 status=PASS
case=21 length=262144 direction=inverse placement=inplace batch=1 relative_l2=1.428011e+00 relative_max=1.602469e+00 max_abs=4.158220e+03 forward_reference_relative_l2=1.413702e+00 status=FAIL
case=22 length=262144 direction=inverse placement=inplace batch=3 relative_l2=1.430530e+00 relative_max=1.708546e+00 max_abs=4.690936e+03 forward_reference_relative_l2=1.414163e+00 status=FAIL
case=23 length=262144 direction=inverse placement=outofplace batch=1 relative_l2=1.432274e+00 relative_max=1.351023e+00 max_abs=3.634795e+03 forward_reference_relative_l2=1.414265e+00 status=FAIL
case=24 length=262144 direction=inverse placement=outofplace batch=3 relative_l2=1.430335e+00 relative_max=1.500627e+00 max_abs=4.075298e+03 forward_reference_relative_l2=1.413382e+00 status=FAIL
case=25 length=524288 direction=forward placement=inplace batch=1 relative_l2=6.607690e-16 relative_max=8.287769e-16 max_abs=3.158776e-12 status=PASS
case=26 length=524288 direction=forward placement=inplace batch=3 relative_l2=6.608942e-16 relative_max=1.024750e-15 max_abs=4.067384e-12 status=PASS
case=27 length=524288 direction=forward placement=outofplace batch=1 relative_l2=6.601809e-16 relative_max=8.520507e-16 max_abs=3.440788e-12 status=PASS
case=28 length=524288 direction=forward placement=outofplace batch=3 relative_l2=6.604846e-16 relative_max=9.756008e-16 max_abs=3.729206e-12 status=PASS
case=29 length=524288 direction=inverse placement=inplace batch=1 relative_l2=1.421449e+00 relative_max=1.411634e+00 max_abs=5.521056e+03 forward_reference_relative_l2=1.414182e+00 status=FAIL
case=30 length=524288 direction=inverse placement=inplace batch=3 relative_l2=1.421836e+00 relative_max=1.533269e+00 max_abs=5.827069e+03 forward_reference_relative_l2=1.413437e+00 status=FAIL
case=31 length=524288 direction=inverse placement=outofplace batch=1 relative_l2=1.420171e+00 relative_max=1.471746e+00 max_abs=5.622260e+03 forward_reference_relative_l2=1.414123e+00 status=FAIL
case=32 length=524288 direction=inverse placement=outofplace batch=3 relative_l2=1.421204e+00 relative_max=1.455904e+00 max_abs=5.472455e+03 forward_reference_relative_l2=1.413984e+00 status=FAIL
status=FAIL cases=32 failed=16
