>>> 已激活 fft 环境
==========================================================
 Running rocfft-bench
 Length: 524288 (512k) | Batch: 1000 | Type: z2z
 Output: /public/home/zhangkewei/zr/results/z2z_512k_b1000_tuning_20260728_201920.csv
==========================================================
Running profile with 10 samples
out-of-place
length: 524288

Token: complex_forward_len_524288_double_op_batch_1000_istride_1_CI_ostride_1_CI_idist_524288_odist_524288_ioffset_0_0_ooffset_0_0

Execution gpu time: 62.5896 62.6767 62.4056 62.6291 62.4383 62.5555 62.3856 62.6008 62.5835 62.573 ms
Execution gflops:   795.777 794.672 798.123 795.274 797.706 796.21 798.379 795.635 795.854 795.988
HIP_PROF:on Tue Jul 28 20:19:30 2026
HIP_PROF:process id '1612171'
HIP_PROF:db file '/public/home/zhangkewei/zr/results/z2z_512k_b1000_tuning_20260728_201920.csv.db'
HIP_PROF:out put file '/public/home/zhangkewei/zr/results/z2z_512k_b1000_tuning_20260728_201920.csv'
HIP_PROF:profiling ' /public/home/zhangkewei/zr/build/rocfft_build/clients/staging/rocfft-bench --length 524288 --batchSize 1000 --precision double --transformType 0 -o -N 10'
HIP_PROF:process begin
HIP_PROF:process end run total cost:9(s)
---------------------------------------------------------------------------------------------------------------------------------------------------------------------
HIP_PROF:IP:[31m12.5.2.3[0m HIP API statistics
---------------------------------------------------------------------------------------------------------------------------------------------------------------------
|Name                                                          |Calls          |TotalDurationNs            |AverageNs                  |Percentage                 |
---------------------------------------------------------------------------------------------------------------------------------------------------------------------
|hiprtcCompileProgram                                          |7              |14214228049                |2030604007                 |76.6524625657078           |
|hipEventSynchronize                                           |10             |3097016823                 |309701682                  |16.7011507956688           |
|hipFree                                                       |9              |1132028696                 |125780966                  |6.10464296367833           |
|hipMalloc                                                     |9              |55496184                   |6166242                    |0.299271909240186          |
|hipModuleGetFunction                                          |8              |26479571                   |3309946                    |0.142795255418482          |
|hipModuleLaunchKernel                                         |36             |9682261                    |268951                     |0.0522131167655021         |
|hipLaunchKernel                                               |11             |3531355                    |321032                     |0.0190433877950036         |
|hiprtcCreateProgram                                           |7              |3391405                    |484486                     |0.0182886853870297         |
|hipModuleLoadData                                             |8              |598402                     |74800                      |0.00322697699418659        |
|hipStreamSynchronize                                          |3              |312161                     |104053                     |0.00168337733744586        |
|hiprtcDestroyProgram                                          |7              |268710                     |38387                      |0.00144906097925454        |
|hipModuleUnload                                               |8              |247491                     |30936                      |0.00133463418114952        |
|hipStreamDestroy                                              |1              |155071                     |155071                     |0.00083624478104269        |
|hipMemcpy                                                     |3              |105660                     |35220                      |0.000569788184541085       |
|hipEventRecord                                                |20             |95450                      |4772                       |0.000514729152133699       |
|hipGetDevice                                                  |78             |15460                      |198                        |8.33704839390988e-05       |
|hipGetDeviceProperties                                        |14             |14240                      |1017                       |7.67914418688724e-05       |
|hipSetDevice                                                  |75             |11730                      |156                        |6.32558717079967e-05       |
|hipEventElapsedTime                                           |10             |10850                      |1085                       |5.85103331655383e-05       |
|hipMemGetInfo                                                 |1              |10510                      |10510                      |5.66768296377703e-05       |
|hipStreamCreate                                               |1              |7010                       |7010                       |3.78025286166289e-05       |
|hiprtcGetCode                                                 |7              |6970                       |995                        |3.75868223192444e-05       |
|__hipPopCallConfiguration                                     |11             |4560                       |414                        |2.45905179018299e-05       |
|__hipPushCallConfiguration                                    |11             |3800                       |345                        |2.04920982515249e-05       |
|hipEventCreate                                                |2              |2760                       |1380                       |1.48837345195286e-05       |
|hipEventDestroy                                               |2              |2660                       |1330                       |1.43444687760675e-05       |
|hiprtcGetCodeSize                                             |7              |2400                       |342                        |1.29423778430684e-05       |
|hipGetLastError                                               |11             |1690                       |153                        |9.11359106449398e-06       |
|hipGetDeviceCount                                             |1              |1140                       |1140                       |6.14762947545748e-06       |
---------------------------------------------------------------------------------------------------------------------------------------------------------------------
|Total                                                         |378            |18543733069                |49057494                   |100.0                      |
---------------------------------------------------------------------------------------------------------------------------------------------------------------------
---------------------------------------------------------------------------------------------------------------------------------------------------------------------
HIP_PROF:IP:[31m12.5.2.3[0m HIPOPS API statistics
---------------------------------------------------------------------------------------------------------------------------------------------------------------------
|Name                                                          |Calls          |TotalDurationNs            |AverageNs                  |Percentage                 |
---------------------------------------------------------------------------------------------------------------------------------------------------------------------
|void generate_random_interleaved_data_kernel<input_val_1D<u...|11             |2406753583                 |218795780                  |77.767                     |
|fft_rtc_fwd_len_512_factors_16_16_2_wgs_256_tpt_64_halfLds_...|11             |267440741                  |24312794                   |8.641                      |
|fft_rtc_fwd_len_1024_factors_16_16_4_wgs_256_tpt_64_halfLds...|11             |253522975                  |23047543                   |8.192                      |
|transpose_rtc_tile32x32_dim2_dp_CI_CI_twd3step_fwd_diag_ali...|11             |167088705                  |15189882                   |5.399                      |
|twiddle_gen_radices_dp                                        |2              |34080                      |17040                      |0.001                      |
|twiddle_gen_large_dp                                          |1              |5920                       |5920                       |0.0                        |
---------------------------------------------------------------------------------------------------------------------------------------------------------------------
|Total                                                         |47             |3094846004                 |65847787                   |100.0                      |
---------------------------------------------------------------------------------------------------------------------------------------------------------------------
HIP_PROF:finish
Cleaning up raw trace files...
Done! Cleaned up trace files, kept only /public/home/zhangkewei/zr/results/z2z_512k_b1000_tuning_20260728_201920.csv.hipkernel.csv
