>>> 已激活 fft 环境
==========================================================
 Running rocfft-bench
 Length: 524288 (512k) | Batch: 1000 | Type: z2z
 Output: /public/home/zhangkewei/zr/results/z2z_512k_b1000_cc512k_20260730_104539.csv
==========================================================
Running profile with 10 samples
out-of-place
length: 524288

Token: complex_forward_len_524288_double_op_batch_1000_istride_1_CI_ostride_1_CI_idist_524288_odist_524288_ioffset_0_0_ooffset_0_0
HIP_PROF:on Thu Jul 30 10:45:39 2026
HIP_PROF:process id '215865'
HIP_PROF:db file '/public/home/zhangkewei/zr/results/z2z_512k_b1000_cc512k_20260730_104539.csv.db'
HIP_PROF:out put file '/public/home/zhangkewei/zr/results/z2z_512k_b1000_cc512k_20260730_104539.csv'
HIP_PROF:profiling ' /public/home/zhangkewei/zr/install/bin/rocfft-bench --length 524288 --batchSize 1000 --precision double --transformType 0 -o -N 10'
HIP_PROF:process begin
HIP_PROF:process end run total cost:1(s)
HIP_PROF:finish
Cleaning up raw trace files...
Done! Cleaned up trace files, kept only /public/home/zhangkewei/zr/results/z2z_512k_b1000_cc512k_20260730_104539.csv.hipkernel.csv
